Archive member included to satisfy reference by file (symbol)

c:/st/stm32cubeide_1.3.0/stm32cubeide/plugins/com.st.stm32cube.ide.mcu.externaltools.gnu-tools-for-stm32.7-2018-q2-update.win32_1.0.0.201904181610/tools/bin/../lib/gcc/arm-none-eabi/7.3.1/../../../../arm-none-eabi/lib/thumb/v7e-m/fpv4-sp/hard\libc_nano.a(lib_a-errno.o)
                              Core/Src/syscalls.o (__errno)
c:/st/stm32cubeide_1.3.0/stm32cubeide/plugins/com.st.stm32cube.ide.mcu.externaltools.gnu-tools-for-stm32.7-2018-q2-update.win32_1.0.0.201904181610/tools/bin/../lib/gcc/arm-none-eabi/7.3.1/../../../../arm-none-eabi/lib/thumb/v7e-m/fpv4-sp/hard\libc_nano.a(lib_a-exit.o)
                              c:/st/stm32cubeide_1.3.0/stm32cubeide/plugins/com.st.stm32cube.ide.mcu.externaltools.gnu-tools-for-stm32.7-2018-q2-update.win32_1.0.0.201904181610/tools/bin/../lib/gcc/arm-none-eabi/7.3.1/../../../../arm-none-eabi/lib/thumb/v7e-m/fpv4-sp/hard/crt0.o (exit)
c:/st/stm32cubeide_1.3.0/stm32cubeide/plugins/com.st.stm32cube.ide.mcu.externaltools.gnu-tools-for-stm32.7-2018-q2-update.win32_1.0.0.201904181610/tools/bin/../lib/gcc/arm-none-eabi/7.3.1/../../../../arm-none-eabi/lib/thumb/v7e-m/fpv4-sp/hard\libc_nano.a(lib_a-impure.o)
                              c:/st/stm32cubeide_1.3.0/stm32cubeide/plugins/com.st.stm32cube.ide.mcu.externaltools.gnu-tools-for-stm32.7-2018-q2-update.win32_1.0.0.201904181610/tools/bin/../lib/gcc/arm-none-eabi/7.3.1/../../../../arm-none-eabi/lib/thumb/v7e-m/fpv4-sp/hard\libc_nano.a(lib_a-exit.o) (_global_impure_ptr)
c:/st/stm32cubeide_1.3.0/stm32cubeide/plugins/com.st.stm32cube.ide.mcu.externaltools.gnu-tools-for-stm32.7-2018-q2-update.win32_1.0.0.201904181610/tools/bin/../lib/gcc/arm-none-eabi/7.3.1/../../../../arm-none-eabi/lib/thumb/v7e-m/fpv4-sp/hard\libc_nano.a(lib_a-init.o)
                              c:/st/stm32cubeide_1.3.0/stm32cubeide/plugins/com.st.stm32cube.ide.mcu.externaltools.gnu-tools-for-stm32.7-2018-q2-update.win32_1.0.0.201904181610/tools/bin/../lib/gcc/arm-none-eabi/7.3.1/../../../../arm-none-eabi/lib/thumb/v7e-m/fpv4-sp/hard/crt0.o (__libc_init_array)
c:/st/stm32cubeide_1.3.0/stm32cubeide/plugins/com.st.stm32cube.ide.mcu.externaltools.gnu-tools-for-stm32.7-2018-q2-update.win32_1.0.0.201904181610/tools/bin/../lib/gcc/arm-none-eabi/7.3.1/../../../../arm-none-eabi/lib/thumb/v7e-m/fpv4-sp/hard\libc_nano.a(lib_a-memset.o)
                              c:/st/stm32cubeide_1.3.0/stm32cubeide/plugins/com.st.stm32cube.ide.mcu.externaltools.gnu-tools-for-stm32.7-2018-q2-update.win32_1.0.0.201904181610/tools/bin/../lib/gcc/arm-none-eabi/7.3.1/../../../../arm-none-eabi/lib/thumb/v7e-m/fpv4-sp/hard/crt0.o (memset)
c:/st/stm32cubeide_1.3.0/stm32cubeide/plugins/com.st.stm32cube.ide.mcu.externaltools.gnu-tools-for-stm32.7-2018-q2-update.win32_1.0.0.201904181610/tools/bin/../lib/gcc/arm-none-eabi/7.3.1/thumb/v7e-m/fpv4-sp/hard\libgcc.a(_aeabi_uldivmod.o)
                              Drivers/STM32L4xx_HAL_Driver/Src/stm32l4xx_hal_uart.o (__aeabi_uldivmod)
c:/st/stm32cubeide_1.3.0/stm32cubeide/plugins/com.st.stm32cube.ide.mcu.externaltools.gnu-tools-for-stm32.7-2018-q2-update.win32_1.0.0.201904181610/tools/bin/../lib/gcc/arm-none-eabi/7.3.1/thumb/v7e-m/fpv4-sp/hard\libgcc.a(_udivmoddi4.o)
                              c:/st/stm32cubeide_1.3.0/stm32cubeide/plugins/com.st.stm32cube.ide.mcu.externaltools.gnu-tools-for-stm32.7-2018-q2-update.win32_1.0.0.201904181610/tools/bin/../lib/gcc/arm-none-eabi/7.3.1/thumb/v7e-m/fpv4-sp/hard\libgcc.a(_aeabi_uldivmod.o) (__udivmoddi4)
c:/st/stm32cubeide_1.3.0/stm32cubeide/plugins/com.st.stm32cube.ide.mcu.externaltools.gnu-tools-for-stm32.7-2018-q2-update.win32_1.0.0.201904181610/tools/bin/../lib/gcc/arm-none-eabi/7.3.1/thumb/v7e-m/fpv4-sp/hard\libgcc.a(_dvmd_tls.o)
                              c:/st/stm32cubeide_1.3.0/stm32cubeide/plugins/com.st.stm32cube.ide.mcu.externaltools.gnu-tools-for-stm32.7-2018-q2-update.win32_1.0.0.201904181610/tools/bin/../lib/gcc/arm-none-eabi/7.3.1/thumb/v7e-m/fpv4-sp/hard\libgcc.a(_aeabi_uldivmod.o) (__aeabi_ldiv0)

Allocating common symbols
Common symbol       size              file

hdfsdm1_channel1    0x38              Core/Src/main.o
huart3              0x80              Core/Src/main.o
hpcd_USB_OTG_FS     0x408             Core/Src/main.o
hi2c2               0x4c              Core/Src/main.o
uwTick              0x4               Drivers/STM32L4xx_HAL_Driver/Src/stm32l4xx_hal.o
hspi3               0x64              Core/Src/main.o
huart1              0x80              Core/Src/main.o
hqspi               0x44              Core/Src/main.o

Discarded input sections

 .text          0x0000000000000000        0x0 c:/st/stm32cubeide_1.3.0/stm32cubeide/plugins/com.st.stm32cube.ide.mcu.externaltools.gnu-tools-for-stm32.7-2018-q2-update.win32_1.0.0.201904181610/tools/bin/../lib/gcc/arm-none-eabi/7.3.1/thumb/v7e-m/fpv4-sp/hard/crti.o
[...]
Memory Configuration

Name             Origin             Length             Attributes
RAM              0x0000000020000000 0x0000000000018000 xrw
RAM2             0x0000000010000000 0x0000000000008000 xrw
FLASH            0x0000000008000000 0x0000000000100000 xr
*default*        0x0000000000000000 0xffffffffffffffff

Linker script and memory map

LOAD c:/st/stm32cubeide_1.3.0/stm32cubeide/plugins/com.st.stm32cube.ide.mcu.externaltools.gnu-tools-for-stm32.7-2018-q2-update.win32_1.0.0.201904181610/tools/bin/../lib/gcc/arm-none-eabi/7.3.1/thumb/v7e-m/fpv4-sp/hard/crti.o
LOAD c:/st/stm32cubeide_1.3.0/stm32cubeide/plugins/com.st.stm32cube.ide.mcu.externaltools.gnu-tools-for-stm32.7-2018-q2-update.win32_1.0.0.201904181610/tools/bin/../lib/gcc/arm-none-eabi/7.3.1/thumb/v7e-m/fpv4-sp/hard/crtbegin.o
LOAD c:/st/stm32cubeide_1.3.0/stm32cubeide/plugins/com.st.stm32cube.ide.mcu.externaltools.gnu-tools-for-stm32.7-2018-q2-update.win32_1.0.0.201904181610/tools/bin/../lib/gcc/arm-none-eabi/7.3.1/../../../../arm-none-eabi/lib/thumb/v7e-m/fpv4-sp/hard/crt0.o
LOAD Core/Inc/hd44780.o
LOAD Core/Src/main.o
LOAD Core/Src/stm32l4xx_hal_msp.o
LOAD Core/Src/stm32l4xx_it.o
LOAD Core/Src/syscalls.o
LOAD Core/Src/sysmem.o
LOAD Core/Src/system_stm32l4xx.o
LOAD Core/Startup/startup_stm32l475vgtx.o
LOAD Drivers/STM32L4xx_HAL_Driver/Src/stm32l4xx_hal.o
LOAD Drivers/STM32L4xx_HAL_Driver/Src/stm32l4xx_hal_cortex.o
LOAD Drivers/STM32L4xx_HAL_Driver/Src/stm32l4xx_hal_dfsdm.o
LOAD Drivers/STM32L4xx_HAL_Driver/Src/stm32l4xx_hal_dma.o
LOAD Drivers/STM32L4xx_HAL_Driver/Src/stm32l4xx_hal_dma_ex.o
LOAD Drivers/STM32L4xx_HAL_Driver/Src/stm32l4xx_hal_exti.o
LOAD Drivers/STM32L4xx_HAL_Driver/Src/stm32l4xx_hal_flash.o
LOAD Drivers/STM32L4xx_HAL_Driver/Src/stm32l4xx_hal_flash_ex.o
LOAD Drivers/STM32L4xx_HAL_Driver/Src/stm32l4xx_hal_flash_ramfunc.o
LOAD Drivers/STM32L4xx_HAL_Driver/Src/stm32l4xx_hal_gpio.o
LOAD Drivers/STM32L4xx_HAL_Driver/Src/stm32l4xx_hal_i2c.o
LOAD Drivers/STM32L4xx_HAL_Driver/Src/stm32l4xx_hal_i2c_ex.o
LOAD Drivers/STM32L4xx_HAL_Driver/Src/stm32l4xx_hal_pcd.o
LOAD Drivers/STM32L4xx_HAL_Driver/Src/stm32l4xx_hal_pcd_ex.o
LOAD Drivers/STM32L4xx_HAL_Driver/Src/stm32l4xx_hal_pwr.o
LOAD Drivers/STM32L4xx_HAL_Driver/Src/stm32l4xx_hal_pwr_ex.o
LOAD Drivers/STM32L4xx_HAL_Driver/Src/stm32l4xx_hal_qspi.o
LOAD Drivers/STM32L4xx_HAL_Driver/Src/stm32l4xx_hal_rcc.o
LOAD Drivers/STM32L4xx_HAL_Driver/Src/stm32l4xx_hal_rcc_ex.o
LOAD Drivers/STM32L4xx_HAL_Driver/Src/stm32l4xx_hal_spi.o
LOAD Drivers/STM32L4xx_HAL_Driver/Src/stm32l4xx_hal_spi_ex.o
LOAD Drivers/STM32L4xx_HAL_Driver/Src/stm32l4xx_hal_tim.o
LOAD Drivers/STM32L4xx_HAL_Driver/Src/stm32l4xx_hal_tim_ex.o
LOAD Drivers/STM32L4xx_HAL_Driver/Src/stm32l4xx_hal_uart.o
LOAD Drivers/STM32L4xx_HAL_Driver/Src/stm32l4xx_hal_uart_ex.o
LOAD Drivers/STM32L4xx_HAL_Driver/Src/stm32l4xx_ll_exti.o
LOAD Drivers/STM32L4xx_HAL_Driver/Src/stm32l4xx_ll_gpio.o
LOAD Drivers/STM32L4xx_HAL_Driver/Src/stm32l4xx_ll_usb.o
LOAD Drivers/STM32L4xx_HAL_Driver/Src/stm32l4xx_ll_utils.o
START GROUP
LOAD c:/st/stm32cubeide_1.3.0/stm32cubeide/plugins/com.st.stm32cube.ide.mcu.externaltools.gnu-tools-for-stm32.7-2018-q2-update.win32_1.0.0.201904181610/tools/bin/../lib/gcc/arm-none-eabi/7.3.1/../../../../arm-none-eabi/lib/thumb/v7e-m/fpv4-sp/hard\libc_nano.a
LOAD c:/st/stm32cubeide_1.3.0/stm32cubeide/plugins/com.st.stm32cube.ide.mcu.externaltools.gnu-tools-for-stm32.7-2018-q2-update.win32_1.0.0.201904181610/tools/bin/../lib/gcc/arm-none-eabi/7.3.1/../../../../arm-none-eabi/lib/thumb/v7e-m/fpv4-sp/hard\libm.a
END GROUP
START GROUP
LOAD c:/st/stm32cubeide_1.3.0/stm32cubeide/plugins/com.st.stm32cube.ide.mcu.externaltools.gnu-tools-for-stm32.7-2018-q2-update.win32_1.0.0.201904181610/tools/bin/../lib/gcc/arm-none-eabi/7.3.1/thumb/v7e-m/fpv4-sp/hard\libgcc.a
LOAD c:/st/stm32cubeide_1.3.0/stm32cubeide/plugins/com.st.stm32cube.ide.mcu.externaltools.gnu-tools-for-stm32.7-2018-q2-update.win32_1.0.0.201904181610/tools/bin/../lib/gcc/arm-none-eabi/7.3.1/../../../../arm-none-eabi/lib/thumb/v7e-m/fpv4-sp/hard\libc_nano.a
END GROUP
START GROUP
LOAD c:/st/stm32cubeide_1.3.0/stm32cubeide/plugins/com.st.stm32cube.ide.mcu.externaltools.gnu-tools-for-stm32.7-2018-q2-update.win32_1.0.0.201904181610/tools/bin/../lib/gcc/arm-none-eabi/7.3.1/thumb/v7e-m/fpv4-sp/hard\libgcc.a
LOAD c:/st/stm32cubeide_1.3.0/stm32cubeide/plugins/com.st.stm32cube.ide.mcu.externaltools.gnu-tools-for-stm32.7-2018-q2-update.win32_1.0.0.201904181610/tools/bin/../lib/gcc/arm-none-eabi/7.3.1/../../../../arm-none-eabi/lib/thumb/v7e-m/fpv4-sp/hard\libc_nano.a
LOAD c:/st/stm32cubeide_1.3.0/stm32cubeide/plugins/com.st.stm32cube.ide.mcu.externaltools.gnu-tools-for-stm32.7-2018-q2-update.win32_1.0.0.201904181610/tools/bin/../lib/gcc/arm-none-eabi/7.3.1/../../../../arm-none-eabi/lib/thumb/v7e-m/fpv4-sp/hard\libnosys.a
END GROUP
START GROUP
LOAD c:/st/stm32cubeide_1.3.0/stm32cubeide/plugins/com.st.stm32cube.ide.mcu.externaltools.gnu-tools-for-stm32.7-2018-q2-update.win32_1.0.0.201904181610/tools/bin/../lib/gcc/arm-none-eabi/7.3.1/thumb/v7e-m/fpv4-sp/hard\libgcc.a
LOAD c:/st/stm32cubeide_1.3.0/stm32cubeide/plugins/com.st.stm32cube.ide.mcu.externaltools.gnu-tools-for-stm32.7-2018-q2-update.win32_1.0.0.201904181610/tools/bin/../lib/gcc/arm-none-eabi/7.3.1/../../../../arm-none-eabi/lib/thumb/v7e-m/fpv4-sp/hard\libc_nano.a
LOAD c:/st/stm32cubeide_1.3.0/stm32cubeide/plugins/com.st.stm32cube.ide.mcu.externaltools.gnu-tools-for-stm32.7-2018-q2-update.win32_1.0.0.201904181610/tools/bin/../lib/gcc/arm-none-eabi/7.3.1/../../../../arm-none-eabi/lib/thumb/v7e-m/fpv4-sp/hard\libnosys.a
END GROUP
LOAD c:/st/stm32cubeide_1.3.0/stm32cubeide/plugins/com.st.stm32cube.ide.mcu.externaltools.gnu-tools-for-stm32.7-2018-q2-update.win32_1.0.0.201904181610/tools/bin/../lib/gcc/arm-none-eabi/7.3.1/thumb/v7e-m/fpv4-sp/hard/crtend.o
LOAD c:/st/stm32cubeide_1.3.0/stm32cubeide/plugins/com.st.stm32cube.ide.mcu.externaltools.gnu-tools-for-stm32.7-2018-q2-update.win32_1.0.0.201904181610/tools/bin/../lib/gcc/arm-none-eabi/7.3.1/thumb/v7e-m/fpv4-sp/hard/crtn.o
                0x0000000020018000                _estack = (ORIGIN (RAM) + LENGTH (RAM))
                0x0000000000000200                _Min_Heap_Size = 0x200
                0x0000000000000400                _Min_Stack_Size = 0x400

.isr_vector     0x0000000008000000      0x188
                0x0000000008000000                . = ALIGN (0x4)
 *(.isr_vector)
 .isr_vector    0x0000000008000000      0x188 Core/Startup/startup_stm32l475vgtx.o
                0x0000000008000000                g_pfnVectors
                0x0000000008000188                . = ALIGN (0x4)

.text           0x0000000008000188     0x59b4
                0x0000000008000188                . = ALIGN (0x4)
 *(.text)
 .text          0x0000000008000188       0x40 c:/st/stm32cubeide_1.3.0/stm32cubeide/plugins/com.st.stm32cube.ide.mcu.externaltools.gnu-tools-for-stm32.7-2018-q2-update.win32_1.0.0.201904181610/tools/bin/../lib/gcc/arm-none-eabi/7.3.1/thumb/v7e-m/fpv4-sp/hard/crtbegin.o
 .text          0x00000000080001c8       0x30 c:/st/stm32cubeide_1.3.0/stm32cubeide/plugins/com.st.stm32cube.ide.mcu.externaltools.gnu-tools-for-stm32.7-2018-q2-update.win32_1.0.0.201904181610/tools/bin/../lib/gcc/arm-none-eabi/7.3.1/thumb/v7e-m/fpv4-sp/hard\libgcc.a(_aeabi_uldivmod.o)
                0x00000000080001c8                __aeabi_uldivmod
 .text          0x00000000080001f8      0x2cc c:/st/stm32cubeide_1.3.0/stm32cubeide/plugins/com.st.stm32cube.ide.mcu.externaltools.gnu-tools-for-stm32.7-2018-q2-update.win32_1.0.0.201904181610/tools/bin/../lib/gcc/arm-none-eabi/7.3.1/thumb/v7e-m/fpv4-sp/hard\libgcc.a(_udivmoddi4.o)
                0x00000000080001f8                __udivmoddi4
 .text          0x00000000080004c4        0x4 c:/st/stm32cubeide_1.3.0/stm32cubeide/plugins/com.st.stm32cube.ide.mcu.externaltools.gnu-tools-for-stm32.7-2018-q2-update.win32_1.0.0.201904181610/tools/bin/../lib/gcc/arm-none-eabi/7.3.1/thumb/v7e-m/fpv4-sp/hard\libgcc.a(_dvmd_tls.o)
                0x00000000080004c4                __aeabi_idiv0
                0x00000000080004c4                __aeabi_ldiv0
 *(.text*)
 .text.LL_GPIO_SetOutputPin
                0x00000000080004c8       0x1c Core/Inc/hd44780.o
 .text.LL_GPIO_ResetOutputPin
                0x00000000080004e4       0x1c Core/Inc/hd44780.o
 .text.lcd_clock
                0x0000000008000500       0x26 Core/Inc/hd44780.o
                0x0000000008000500                lcd_clock
 *fill*         0x0000000008000526        0x2 
 .text.lcd_reset
                0x0000000008000528       0x68 Core/Inc/hd44780.o
                0x0000000008000528                lcd_reset
 .text.lcd_write
                0x0000000008000590      0x148 Core/Inc/hd44780.o
                0x0000000008000590                lcd_write
 .text.lcd_clear
                0x00000000080006d8       0x24 Core/Inc/hd44780.o
                0x00000000080006d8                lcd_clear
 .text.lcd_display_settings
                0x00000000080006fc       0x42 Core/Inc/hd44780.o
                0x00000000080006fc                lcd_display_settings
 .text.lcd_display_address
                0x000000000800073e       0x22 Core/Inc/hd44780.o
                0x000000000800073e                lcd_display_address
 .text.lcd_cgram_address
                0x0000000008000760       0x22 Core/Inc/hd44780.o
                0x0000000008000760                lcd_cgram_address
 *fill*         0x0000000008000782        0x2 
 .text.lcd_print
                0x0000000008000784       0xe4 Core/Inc/hd44780.o
                0x0000000008000784                lcd_print
 .text.moveToXY
                0x0000000008000868       0xfc Core/Inc/hd44780.o
                0x0000000008000868                moveToXY
 .text.__NVIC_GetPriorityGrouping
                0x0000000008000964       0x1c Core/Src/main.o
 .text.__NVIC_EnableIRQ
                0x0000000008000980       0x3c Core/Src/main.o
 .text.__NVIC_SetPriority
                0x00000000080009bc       0x54 Core/Src/main.o
 .text.NVIC_EncodePriority
                0x0000000008000a10       0x66 Core/Src/main.o
 *fill*         0x0000000008000a76        0x2 
 .text.LL_SYSCFG_SetEXTISource
                0x0000000008000a78       0x5c Core/Src/main.o
 .text.LL_GPIO_SetPinMode
                0x0000000008000ad4       0x5e Core/Src/main.o
 .text.LL_GPIO_SetPinPull
                0x0000000008000b32       0x5e Core/Src/main.o
 .text.LL_GPIO_EnablePinAnalogControl
                0x0000000008000b90       0x22 Core/Src/main.o
 .text.LL_GPIO_SetOutputPin
                0x0000000008000bb2       0x1c Core/Src/main.o
 .text.LL_GPIO_ResetOutputPin
                0x0000000008000bce       0x1c Core/Src/main.o
 *fill*         0x0000000008000bea        0x2 
 .text.LL_AHB2_GRP1_EnableClock
                0x0000000008000bec       0x30 Core/Src/main.o
 .text.main     0x0000000008000c1c      0x138 Core/Src/main.o
                0x0000000008000c1c                main
 .text.SystemClock_Config
                0x0000000008000d54      0x148 Core/Src/main.o
                0x0000000008000d54                SystemClock_Config
 .text.MX_DFSDM1_Init
                0x0000000008000e9c       0x70 Core/Src/main.o
 .text.MX_I2C2_Init
                0x0000000008000f0c       0x7c Core/Src/main.o
 .text.MX_QUADSPI_Init
                0x0000000008000f88       0x4c Core/Src/main.o
 .text.MX_SPI3_Init
                0x0000000008000fd4       0x7c Core/Src/main.o
 .text.MX_USART1_UART_Init
                0x0000000008001050       0x60 Core/Src/main.o
 .text.MX_USART3_UART_Init
                0x00000000080010b0       0x60 Core/Src/main.o
 .text.MX_USB_OTG_FS_PCD_Init
                0x0000000008001110       0x5c Core/Src/main.o
 .text.MX_GPIO_Init
                0x000000000800116c      0x5fc Core/Src/main.o
 .text.Error_Handler
                0x0000000008001768        0xe Core/Src/main.o
                0x0000000008001768                Error_Handler
 *fill*         0x0000000008001776        0x2 
 .text.HAL_MspInit
                0x0000000008001778       0x48 Core/Src/stm32l4xx_hal_msp.o
                0x0000000008001778                HAL_MspInit
 .text.HAL_DFSDM_ChannelMspInit
                0x00000000080017c0       0x88 Core/Src/stm32l4xx_hal_msp.o
                0x00000000080017c0                HAL_DFSDM_ChannelMspInit
 .text.HAL_I2C_MspInit
                0x0000000008001848       0x88 Core/Src/stm32l4xx_hal_msp.o
                0x0000000008001848                HAL_I2C_MspInit
 .text.HAL_QSPI_MspInit
                0x00000000080018d0       0x88 Core/Src/stm32l4xx_hal_msp.o
                0x00000000080018d0                HAL_QSPI_MspInit
 .text.HAL_SPI_MspInit
                0x0000000008001958       0x88 Core/Src/stm32l4xx_hal_msp.o
                0x0000000008001958                HAL_SPI_MspInit
 .text.HAL_UART_MspInit
                0x00000000080019e0       0xec Core/Src/stm32l4xx_hal_msp.o
                0x00000000080019e0                HAL_UART_MspInit
 .text.HAL_PCD_MspInit
                0x0000000008001acc       0xd8 Core/Src/stm32l4xx_hal_msp.o
                0x0000000008001acc                HAL_PCD_MspInit
 .text.LL_EXTI_IsActiveFlag_0_31
                0x0000000008001ba4       0x2c Core/Src/stm32l4xx_it.o
 .text.LL_EXTI_ClearFlag_0_31
                0x0000000008001bd0       0x20 Core/Src/stm32l4xx_it.o
 .text.NMI_Handler
                0x0000000008001bf0        0xe Core/Src/stm32l4xx_it.o
                0x0000000008001bf0                NMI_Handler
 .text.HardFault_Handler
                0x0000000008001bfe        0x6 Core/Src/stm32l4xx_it.o
                0x0000000008001bfe                HardFault_Handler
 .text.MemManage_Handler
                0x0000000008001c04        0x6 Core/Src/stm32l4xx_it.o
                0x0000000008001c04                MemManage_Handler
 .text.BusFault_Handler
                0x0000000008001c0a        0x6 Core/Src/stm32l4xx_it.o
                0x0000000008001c0a                BusFault_Handler
 .text.UsageFault_Handler
                0x0000000008001c10        0x6 Core/Src/stm32l4xx_it.o
                0x0000000008001c10                UsageFault_Handler
 .text.SVC_Handler
                0x0000000008001c16        0xe Core/Src/stm32l4xx_it.o
                0x0000000008001c16                SVC_Handler
 .text.DebugMon_Handler
                0x0000000008001c24        0xe Core/Src/stm32l4xx_it.o
                0x0000000008001c24                DebugMon_Handler
 .text.PendSV_Handler
                0x0000000008001c32        0xe Core/Src/stm32l4xx_it.o
                0x0000000008001c32                PendSV_Handler
 .text.SysTick_Handler
                0x0000000008001c40        0xc Core/Src/stm32l4xx_it.o
                0x0000000008001c40                SysTick_Handler
 .text.EXTI9_5_IRQHandler
                0x0000000008001c4c       0x54 Core/Src/stm32l4xx_it.o
                0x0000000008001c4c                EXTI9_5_IRQHandler
 .text.EXTI15_10_IRQHandler
                0x0000000008001ca0       0x76 Core/Src/stm32l4xx_it.o
                0x0000000008001ca0                EXTI15_10_IRQHandler
 *fill*         0x0000000008001d16        0x2 
 .text.SystemInit
                0x0000000008001d18       0x6c Core/Src/system_stm32l4xx.o
                0x0000000008001d18                SystemInit
 .text.Reset_Handler
                0x0000000008001d84       0x50 Core/Startup/startup_stm32l475vgtx.o
                0x0000000008001d84                Reset_Handler
 .text.Default_Handler
                0x0000000008001dd4        0x2 Core/Startup/startup_stm32l475vgtx.o
                0x0000000008001dd4                RTC_Alarm_IRQHandler
                0x0000000008001dd4                EXTI2_IRQHandler
                0x0000000008001dd4                TIM8_TRG_COM_IRQHandler
                0x0000000008001dd4                TIM8_CC_IRQHandler
                0x0000000008001dd4                TIM1_CC_IRQHandler
                0x0000000008001dd4                TSC_IRQHandler
                0x0000000008001dd4                TAMP_STAMP_IRQHandler
                0x0000000008001dd4                EXTI3_IRQHandler
                0x0000000008001dd4                LPTIM2_IRQHandler
                0x0000000008001dd4                DFSDM1_FLT1_IRQHandler
                0x0000000008001dd4                I2C3_ER_IRQHandler
                0x0000000008001dd4                DFSDM1_FLT2_IRQHandler
                0x0000000008001dd4                EXTI0_IRQHandler
                0x0000000008001dd4                I2C2_EV_IRQHandler
                0x0000000008001dd4                CAN1_RX0_IRQHandler
                0x0000000008001dd4                FPU_IRQHandler
                0x0000000008001dd4                TIM1_UP_TIM16_IRQHandler
                0x0000000008001dd4                ADC1_2_IRQHandler
                0x0000000008001dd4                SPI1_IRQHandler
                0x0000000008001dd4                TIM6_DAC_IRQHandler
                0x0000000008001dd4                TIM8_UP_IRQHandler
                0x0000000008001dd4                DMA2_Channel2_IRQHandler
                0x0000000008001dd4                DMA1_Channel4_IRQHandler
                0x0000000008001dd4                SAI2_IRQHandler
                0x0000000008001dd4                DFSDM1_FLT3_IRQHandler
                0x0000000008001dd4                USART3_IRQHandler
                0x0000000008001dd4                DMA1_Channel7_IRQHandler
                0x0000000008001dd4                CAN1_RX1_IRQHandler
                0x0000000008001dd4                UART5_IRQHandler
                0x0000000008001dd4                ADC3_IRQHandler
                0x0000000008001dd4                TIM4_IRQHandler
                0x0000000008001dd4                DMA2_Channel1_IRQHandler
                0x0000000008001dd4                QUADSPI_IRQHandler
                0x0000000008001dd4                I2C1_EV_IRQHandler
                0x0000000008001dd4                DMA1_Channel6_IRQHandler
                0x0000000008001dd4                UART4_IRQHandler
                0x0000000008001dd4                DMA2_Channel4_IRQHandler
                0x0000000008001dd4                TIM3_IRQHandler
                0x0000000008001dd4                RCC_IRQHandler
                0x0000000008001dd4                DMA1_Channel1_IRQHandler
                0x0000000008001dd4                Default_Handler
                0x0000000008001dd4                DMA2_Channel7_IRQHandler
                0x0000000008001dd4                TIM7_IRQHandler
                0x0000000008001dd4                SDMMC1_IRQHandler
                0x0000000008001dd4                TIM5_IRQHandler
                0x0000000008001dd4                I2C3_EV_IRQHandler
                0x0000000008001dd4                RTC_WKUP_IRQHandler
                0x0000000008001dd4                PVD_PVM_IRQHandler
                0x0000000008001dd4                SPI2_IRQHandler
                0x0000000008001dd4                CAN1_TX_IRQHandler
                0x0000000008001dd4                DMA2_Channel5_IRQHandler
                0x0000000008001dd4                DMA1_Channel5_IRQHandler
                0x0000000008001dd4                EXTI4_IRQHandler
                0x0000000008001dd4                RNG_IRQHandler
                0x0000000008001dd4                TIM1_TRG_COM_TIM17_IRQHandler
                0x0000000008001dd4                DMA1_Channel3_IRQHandler
                0x0000000008001dd4                COMP_IRQHandler
                0x0000000008001dd4                WWDG_IRQHandler
                0x0000000008001dd4                LPUART1_IRQHandler
                0x0000000008001dd4                DMA2_Channel6_IRQHandler
                0x0000000008001dd4                TIM2_IRQHandler
                0x0000000008001dd4                EXTI1_IRQHandler
                0x0000000008001dd4                USART2_IRQHandler
                0x0000000008001dd4                DFSDM1_FLT0_IRQHandler
                0x0000000008001dd4                I2C2_ER_IRQHandler
                0x0000000008001dd4                DMA1_Channel2_IRQHandler
                0x0000000008001dd4                TIM8_BRK_IRQHandler
                0x0000000008001dd4                CAN1_SCE_IRQHandler
                0x0000000008001dd4                FLASH_IRQHandler
                0x0000000008001dd4                USART1_IRQHandler
                0x0000000008001dd4                OTG_FS_IRQHandler
                0x0000000008001dd4                SPI3_IRQHandler
                0x0000000008001dd4                I2C1_ER_IRQHandler
                0x0000000008001dd4                FMC_IRQHandler
                0x0000000008001dd4                SWPMI1_IRQHandler
                0x0000000008001dd4                LPTIM1_IRQHandler
                0x0000000008001dd4                SAI1_IRQHandler
                0x0000000008001dd4                DMA2_Channel3_IRQHandler
                0x0000000008001dd4                TIM1_BRK_TIM15_IRQHandler
 .text.HAL_Init
                0x0000000008001dd6       0x30 Drivers/STM32L4xx_HAL_Driver/Src/stm32l4xx_hal.o
                0x0000000008001dd6                HAL_Init
 *fill*         0x0000000008001e06        0x2 
 .text.HAL_InitTick
                0x0000000008001e08       0x74 Drivers/STM32L4xx_HAL_Driver/Src/stm32l4xx_hal.o
                0x0000000008001e08                HAL_InitTick
 .text.HAL_IncTick
                0x0000000008001e7c       0x24 Drivers/STM32L4xx_HAL_Driver/Src/stm32l4xx_hal.o
                0x0000000008001e7c                HAL_IncTick
 .text.HAL_GetTick
                0x0000000008001ea0       0x18 Drivers/STM32L4xx_HAL_Driver/Src/stm32l4xx_hal.o
                0x0000000008001ea0                HAL_GetTick
 .text.HAL_Delay
                0x0000000008001eb8       0x44 Drivers/STM32L4xx_HAL_Driver/Src/stm32l4xx_hal.o
                0x0000000008001eb8                HAL_Delay
 .text.__NVIC_SetPriorityGrouping
                0x0000000008001efc       0x48 Drivers/STM32L4xx_HAL_Driver/Src/stm32l4xx_hal_cortex.o
 .text.__NVIC_GetPriorityGrouping
                0x0000000008001f44       0x1c Drivers/STM32L4xx_HAL_Driver/Src/stm32l4xx_hal_cortex.o
 .text.__NVIC_SetPriority
                0x0000000008001f60       0x54 Drivers/STM32L4xx_HAL_Driver/Src/stm32l4xx_hal_cortex.o
 .text.NVIC_EncodePriority
                0x0000000008001fb4       0x66 Drivers/STM32L4xx_HAL_Driver/Src/stm32l4xx_hal_cortex.o
 *fill*         0x000000000800201a        0x2 
 .text.SysTick_Config
                0x000000000800201c       0x44 Drivers/STM32L4xx_HAL_Driver/Src/stm32l4xx_hal_cortex.o
 .text.HAL_NVIC_SetPriorityGrouping
                0x0000000008002060       0x16 Drivers/STM32L4xx_HAL_Driver/Src/stm32l4xx_hal_cortex.o
                0x0000000008002060                HAL_NVIC_SetPriorityGrouping
 .text.HAL_NVIC_SetPriority
                0x0000000008002076       0x38 Drivers/STM32L4xx_HAL_Driver/Src/stm32l4xx_hal_cortex.o
                0x0000000008002076                HAL_NVIC_SetPriority
 .text.HAL_SYSTICK_Config
                0x00000000080020ae       0x18 Drivers/STM32L4xx_HAL_Driver/Src/stm32l4xx_hal_cortex.o
                0x00000000080020ae                HAL_SYSTICK_Config
 *fill*         0x00000000080020c6        0x2 
 .text.HAL_DFSDM_ChannelInit
                0x00000000080020c8      0x180 Drivers/STM32L4xx_HAL_Driver/Src/stm32l4xx_hal_dfsdm.o
                0x00000000080020c8                HAL_DFSDM_ChannelInit
 .text.DFSDM_GetChannelFromInstance
                0x0000000008002248       0x98 Drivers/STM32L4xx_HAL_Driver/Src/stm32l4xx_hal_dfsdm.o
 .text.HAL_GPIO_Init
                0x00000000080022e0      0x350 Drivers/STM32L4xx_HAL_Driver/Src/stm32l4xx_hal_gpio.o
                0x00000000080022e0                HAL_GPIO_Init
 .text.HAL_I2C_Init
                0x0000000008002630      0x11e Drivers/STM32L4xx_HAL_Driver/Src/stm32l4xx_hal_i2c.o
                0x0000000008002630                HAL_I2C_Init
 .text.HAL_I2CEx_ConfigAnalogFilter
                0x000000000800274e       0x96 Drivers/STM32L4xx_HAL_Driver/Src/stm32l4xx_hal_i2c_ex.o
                0x000000000800274e                HAL_I2CEx_ConfigAnalogFilter
 .text.HAL_I2CEx_ConfigDigitalFilter
                0x00000000080027e4       0x98 Drivers/STM32L4xx_HAL_Driver/Src/stm32l4xx_hal_i2c_ex.o
                0x00000000080027e4                HAL_I2CEx_ConfigDigitalFilter
 .text.HAL_PCD_Init
                0x000000000800287c      0x248 Drivers/STM32L4xx_HAL_Driver/Src/stm32l4xx_hal_pcd.o
                0x000000000800287c                HAL_PCD_Init
 .text.HAL_PCDEx_ActivateLPM
                0x0000000008002ac4       0x48 Drivers/STM32L4xx_HAL_Driver/Src/stm32l4xx_hal_pcd_ex.o
                0x0000000008002ac4                HAL_PCDEx_ActivateLPM
 .text.HAL_PWR_EnableBkUpAccess
                0x0000000008002b0c       0x20 Drivers/STM32L4xx_HAL_Driver/Src/stm32l4xx_hal_pwr.o
                0x0000000008002b0c                HAL_PWR_EnableBkUpAccess
 .text.HAL_PWREx_GetVoltageRange
                0x0000000008002b2c       0x1c Drivers/STM32L4xx_HAL_Driver/Src/stm32l4xx_hal_pwr_ex.o
                0x0000000008002b2c                HAL_PWREx_GetVoltageRange
 .text.HAL_PWREx_ControlVoltageScaling
                0x0000000008002b48       0xac Drivers/STM32L4xx_HAL_Driver/Src/stm32l4xx_hal_pwr_ex.o
                0x0000000008002b48                HAL_PWREx_ControlVoltageScaling
 .text.HAL_PWREx_EnableVddUSB
                0x0000000008002bf4       0x20 Drivers/STM32L4xx_HAL_Driver/Src/stm32l4xx_hal_pwr_ex.o
                0x0000000008002bf4                HAL_PWREx_EnableVddUSB
 .text.HAL_QSPI_Init
                0x0000000008002c14      0x104 Drivers/STM32L4xx_HAL_Driver/Src/stm32l4xx_hal_qspi.o
                0x0000000008002c14                HAL_QSPI_Init
 .text.HAL_QSPI_SetTimeout
                0x0000000008002d18       0x1c Drivers/STM32L4xx_HAL_Driver/Src/stm32l4xx_hal_qspi.o
                0x0000000008002d18                HAL_QSPI_SetTimeout
 .text.QSPI_WaitFlagStateUntilTimeout
                0x0000000008002d34       0x6e Drivers/STM32L4xx_HAL_Driver/Src/stm32l4xx_hal_qspi.o
 *fill*         0x0000000008002da2        0x2 
 .text.HAL_RCC_OscConfig
                0x0000000008002da4      0x7cc Drivers/STM32L4xx_HAL_Driver/Src/stm32l4xx_hal_rcc.o
                0x0000000008002da4                HAL_RCC_OscConfig
 .text.HAL_RCC_ClockConfig
                0x0000000008003570      0x1c4 Drivers/STM32L4xx_HAL_Driver/Src/stm32l4xx_hal_rcc.o
                0x0000000008003570                HAL_RCC_ClockConfig
 .text.HAL_RCC_GetSysClockFreq
                0x0000000008003734      0x114 Drivers/STM32L4xx_HAL_Driver/Src/stm32l4xx_hal_rcc.o
                0x0000000008003734                HAL_RCC_GetSysClockFreq
 .text.HAL_RCC_GetHCLKFreq
                0x0000000008003848       0x18 Drivers/STM32L4xx_HAL_Driver/Src/stm32l4xx_hal_rcc.o
                0x0000000008003848                HAL_RCC_GetHCLKFreq
 .text.HAL_RCC_GetPCLK1Freq
                0x0000000008003860       0x2c Drivers/STM32L4xx_HAL_Driver/Src/stm32l4xx_hal_rcc.o
                0x0000000008003860                HAL_RCC_GetPCLK1Freq
 .text.HAL_RCC_GetPCLK2Freq
                0x000000000800388c       0x2c Drivers/STM32L4xx_HAL_Driver/Src/stm32l4xx_hal_rcc.o
                0x000000000800388c                HAL_RCC_GetPCLK2Freq
 .text.RCC_SetFlashLatencyFromMSIRange
                0x00000000080038b8       0xc0 Drivers/STM32L4xx_HAL_Driver/Src/stm32l4xx_hal_rcc.o
 .text.HAL_RCCEx_PeriphCLKConfig
                0x0000000008003978      0x5cc Drivers/STM32L4xx_HAL_Driver/Src/stm32l4xx_hal_rcc_ex.o
                0x0000000008003978                HAL_RCCEx_PeriphCLKConfig
 .text.HAL_RCCEx_EnableMSIPLLMode
                0x0000000008003f44       0x20 Drivers/STM32L4xx_HAL_Driver/Src/stm32l4xx_hal_rcc_ex.o
                0x0000000008003f44                HAL_RCCEx_EnableMSIPLLMode
 .text.RCCEx_PLLSAI1_Config
                0x0000000008003f64      0x1e0 Drivers/STM32L4xx_HAL_Driver/Src/stm32l4xx_hal_rcc_ex.o
 .text.RCCEx_PLLSAI2_Config
                0x0000000008004144      0x1b4 Drivers/STM32L4xx_HAL_Driver/Src/stm32l4xx_hal_rcc_ex.o
 .text.HAL_SPI_Init
                0x00000000080042f8      0x114 Drivers/STM32L4xx_HAL_Driver/Src/stm32l4xx_hal_spi.o
                0x00000000080042f8                HAL_SPI_Init
 .text.HAL_UART_Init
                0x000000000800440c       0x9c Drivers/STM32L4xx_HAL_Driver/Src/stm32l4xx_hal_uart.o
                0x000000000800440c                HAL_UART_Init
 .text.UART_SetConfig
                0x00000000080044a8      0x6e4 Drivers/STM32L4xx_HAL_Driver/Src/stm32l4xx_hal_uart.o
                0x00000000080044a8                UART_SetConfig
 .text.UART_AdvFeatureConfig
                0x0000000008004b8c      0x144 Drivers/STM32L4xx_HAL_Driver/Src/stm32l4xx_hal_uart.o
                0x0000000008004b8c                UART_AdvFeatureConfig
 .text.UART_CheckIdleState
                0x0000000008004cd0       0x8a Drivers/STM32L4xx_HAL_Driver/Src/stm32l4xx_hal_uart.o
                0x0000000008004cd0                UART_CheckIdleState
 .text.UART_WaitOnFlagUntilTimeout
                0x0000000008004d5a       0xf6 Drivers/STM32L4xx_HAL_Driver/Src/stm32l4xx_hal_uart.o
                0x0000000008004d5a                UART_WaitOnFlagUntilTimeout
 .text.LL_EXTI_EnableIT_0_31
                0x0000000008004e50       0x24 Drivers/STM32L4xx_HAL_Driver/Src/stm32l4xx_ll_exti.o
 .text.LL_EXTI_EnableIT_32_63
                0x0000000008004e74       0x24 Drivers/STM32L4xx_HAL_Driver/Src/stm32l4xx_ll_exti.o
 .text.LL_EXTI_DisableIT_0_31
                0x0000000008004e98       0x28 Drivers/STM32L4xx_HAL_Driver/Src/stm32l4xx_ll_exti.o
 .text.LL_EXTI_DisableIT_32_63
                0x0000000008004ec0       0x28 Drivers/STM32L4xx_HAL_Driver/Src/stm32l4xx_ll_exti.o
 .text.LL_EXTI_EnableEvent_0_31
                0x0000000008004ee8       0x24 Drivers/STM32L4xx_HAL_Driver/Src/stm32l4xx_ll_exti.o
 .text.LL_EXTI_EnableEvent_32_63
                0x0000000008004f0c       0x24 Drivers/STM32L4xx_HAL_Driver/Src/stm32l4xx_ll_exti.o
 .text.LL_EXTI_DisableEvent_0_31
                0x0000000008004f30       0x28 Drivers/STM32L4xx_HAL_Driver/Src/stm32l4xx_ll_exti.o
 .text.LL_EXTI_DisableEvent_32_63
                0x0000000008004f58       0x28 Drivers/STM32L4xx_HAL_Driver/Src/stm32l4xx_ll_exti.o
 .text.LL_EXTI_EnableRisingTrig_0_31
                0x0000000008004f80       0x24 Drivers/STM32L4xx_HAL_Driver/Src/stm32l4xx_ll_exti.o
 .text.LL_EXTI_EnableRisingTrig_32_63
                0x0000000008004fa4       0x24 Drivers/STM32L4xx_HAL_Driver/Src/stm32l4xx_ll_exti.o
 .text.LL_EXTI_DisableRisingTrig_0_31
                0x0000000008004fc8       0x28 Drivers/STM32L4xx_HAL_Driver/Src/stm32l4xx_ll_exti.o
 .text.LL_EXTI_DisableRisingTrig_32_63
                0x0000000008004ff0       0x28 Drivers/STM32L4xx_HAL_Driver/Src/stm32l4xx_ll_exti.o
 .text.LL_EXTI_EnableFallingTrig_0_31
                0x0000000008005018       0x24 Drivers/STM32L4xx_HAL_Driver/Src/stm32l4xx_ll_exti.o
 .text.LL_EXTI_EnableFallingTrig_32_63
                0x000000000800503c       0x24 Drivers/STM32L4xx_HAL_Driver/Src/stm32l4xx_ll_exti.o
 .text.LL_EXTI_DisableFallingTrig_0_31
                0x0000000008005060       0x28 Drivers/STM32L4xx_HAL_Driver/Src/stm32l4xx_ll_exti.o
 .text.LL_EXTI_DisableFallingTrig_32_63
                0x0000000008005088       0x28 Drivers/STM32L4xx_HAL_Driver/Src/stm32l4xx_ll_exti.o
 .text.LL_EXTI_Init
                0x00000000080050b0      0x1d8 Drivers/STM32L4xx_HAL_Driver/Src/stm32l4xx_ll_exti.o
                0x00000000080050b0                LL_EXTI_Init
 .text.LL_GPIO_SetPinMode
                0x0000000008005288       0x5e Drivers/STM32L4xx_HAL_Driver/Src/stm32l4xx_ll_gpio.o
 .text.LL_GPIO_SetPinOutputType
                0x00000000080052e6       0x30 Drivers/STM32L4xx_HAL_Driver/Src/stm32l4xx_ll_gpio.o
 .text.LL_GPIO_SetPinSpeed
                0x0000000008005316       0x5e Drivers/STM32L4xx_HAL_Driver/Src/stm32l4xx_ll_gpio.o
 .text.LL_GPIO_SetPinPull
                0x0000000008005374       0x5e Drivers/STM32L4xx_HAL_Driver/Src/stm32l4xx_ll_gpio.o
 .text.LL_GPIO_SetAFPin_0_7
                0x00000000080053d2       0x5e Drivers/STM32L4xx_HAL_Driver/Src/stm32l4xx_ll_gpio.o
 .text.LL_GPIO_SetAFPin_8_15
                0x0000000008005430       0x62 Drivers/STM32L4xx_HAL_Driver/Src/stm32l4xx_ll_gpio.o
 .text.LL_GPIO_Init
                0x0000000008005492       0xde Drivers/STM32L4xx_HAL_Driver/Src/stm32l4xx_ll_gpio.o
                0x0000000008005492                LL_GPIO_Init
 .text.USB_CoreInit
                0x0000000008005570       0xa4 Drivers/STM32L4xx_HAL_Driver/Src/stm32l4xx_ll_usb.o
                0x0000000008005570                USB_CoreInit
 .text.USB_DisableGlobalInt
                0x0000000008005614       0x22 Drivers/STM32L4xx_HAL_Driver/Src/stm32l4xx_ll_usb.o
                0x0000000008005614                USB_DisableGlobalInt
 .text.USB_SetCurrentMode
                0x0000000008005636       0x54 Drivers/STM32L4xx_HAL_Driver/Src/stm32l4xx_ll_usb.o
                0x0000000008005636                USB_SetCurrentMode
 *fill*         0x000000000800568a        0x2 
 .text.USB_DevInit
                0x000000000800568c      0x298 Drivers/STM32L4xx_HAL_Driver/Src/stm32l4xx_ll_usb.o
                0x000000000800568c                USB_DevInit
 .text.USB_FlushTxFifo
                0x0000000008005924       0x4c Drivers/STM32L4xx_HAL_Driver/Src/stm32l4xx_ll_usb.o
                0x0000000008005924                USB_FlushTxFifo
 .text.USB_FlushRxFifo
                0x0000000008005970       0x44 Drivers/STM32L4xx_HAL_Driver/Src/stm32l4xx_ll_usb.o
                0x0000000008005970                USB_FlushRxFifo
 .text.USB_SetDevSpeed
                0x00000000080059b4       0x32 Drivers/STM32L4xx_HAL_Driver/Src/stm32l4xx_ll_usb.o
                0x00000000080059b4                USB_SetDevSpeed
 .text.USB_DevDisconnect
                0x00000000080059e6       0x30 Drivers/STM32L4xx_HAL_Driver/Src/stm32l4xx_ll_usb.o
                0x00000000080059e6                USB_DevDisconnect
 *fill*         0x0000000008005a16        0x2 
 .text.USB_CoreReset
                0x0000000008005a18       0x68 Drivers/STM32L4xx_HAL_Driver/Src/stm32l4xx_ll_usb.o
 .text.LL_mDelay
                0x0000000008005a80       0x4c Drivers/STM32L4xx_HAL_Driver/Src/stm32l4xx_ll_utils.o
                0x0000000008005a80                LL_mDelay
 .text.__libc_init_array
                0x0000000008005acc       0x48 c:/st/stm32cubeide_1.3.0/stm32cubeide/plugins/com.st.stm32cube.ide.mcu.externaltools.gnu-tools-for-stm32.7-2018-q2-update.win32_1.0.0.201904181610/tools/bin/../lib/gcc/arm-none-eabi/7.3.1/../../../../arm-none-eabi/lib/thumb/v7e-m/fpv4-sp/hard\libc_nano.a(lib_a-init.o)
                0x0000000008005acc                __libc_init_array
 .text.memset   0x0000000008005b14       0x10 c:/st/stm32cubeide_1.3.0/stm32cubeide/plugins/com.st.stm32cube.ide.mcu.externaltools.gnu-tools-for-stm32.7-2018-q2-update.win32_1.0.0.201904181610/tools/bin/../lib/gcc/arm-none-eabi/7.3.1/../../../../arm-none-eabi/lib/thumb/v7e-m/fpv4-sp/hard\libc_nano.a(lib_a-memset.o)
                0x0000000008005b14                memset
 *(.glue_7)
 .glue_7        0x0000000008005b24        0x0 linker stubs
 *(.glue_7t)
 .glue_7t       0x0000000008005b24        0x0 linker stubs
 *(.eh_frame)
 .eh_frame      0x0000000008005b24        0x0 c:/st/stm32cubeide_1.3.0/stm32cubeide/plugins/com.st.stm32cube.ide.mcu.externaltools.gnu-tools-for-stm32.7-2018-q2-update.win32_1.0.0.201904181610/tools/bin/../lib/gcc/arm-none-eabi/7.3.1/thumb/v7e-m/fpv4-sp/hard/crtbegin.o
 *(.init)
 .init          0x0000000008005b24        0x4 c:/st/stm32cubeide_1.3.0/stm32cubeide/plugins/com.st.stm32cube.ide.mcu.externaltools.gnu-tools-for-stm32.7-2018-q2-update.win32_1.0.0.201904181610/tools/bin/../lib/gcc/arm-none-eabi/7.3.1/thumb/v7e-m/fpv4-sp/hard/crti.o
                0x0000000008005b24                _init
 .init          0x0000000008005b28        0x8 c:/st/stm32cubeide_1.3.0/stm32cubeide/plugins/com.st.stm32cube.ide.mcu.externaltools.gnu-tools-for-stm32.7-2018-q2-update.win32_1.0.0.201904181610/tools/bin/../lib/gcc/arm-none-eabi/7.3.1/thumb/v7e-m/fpv4-sp/hard/crtn.o
 *(.fini)
 .fini          0x0000000008005b30        0x4 c:/st/stm32cubeide_1.3.0/stm32cubeide/plugins/com.st.stm32cube.ide.mcu.externaltools.gnu-tools-for-stm32.7-2018-q2-update.win32_1.0.0.201904181610/tools/bin/../lib/gcc/arm-none-eabi/7.3.1/thumb/v7e-m/fpv4-sp/hard/crti.o
                0x0000000008005b30                _fini
 .fini          0x0000000008005b34        0x8 c:/st/stm32cubeide_1.3.0/stm32cubeide/plugins/com.st.stm32cube.ide.mcu.externaltools.gnu-tools-for-stm32.7-2018-q2-update.win32_1.0.0.201904181610/tools/bin/../lib/gcc/arm-none-eabi/7.3.1/thumb/v7e-m/fpv4-sp/hard/crtn.o
                0x0000000008005b3c                . = ALIGN (0x4)
                0x0000000008005b3c                _etext = .

.vfp11_veneer   0x0000000008005b3c        0x0
 .vfp11_veneer  0x0000000008005b3c        0x0 linker stubs

.v4_bx          0x0000000008005b3c        0x0
 .v4_bx         0x0000000008005b3c        0x0 linker stubs

.iplt           0x0000000008005b3c        0x0
 .iplt          0x0000000008005b3c        0x0 c:/st/stm32cubeide_1.3.0/stm32cubeide/plugins/com.st.stm32cube.ide.mcu.externaltools.gnu-tools-for-stm32.7-2018-q2-update.win32_1.0.0.201904181610/tools/bin/../lib/gcc/arm-none-eabi/7.3.1/thumb/v7e-m/fpv4-sp/hard/crtbegin.o

.rodata         0x0000000008005b3c       0x54
                0x0000000008005b3c                . = ALIGN (0x4)
 *(.rodata)
 .rodata        0x0000000008005b3c        0xb Core/Src/main.o
 *(.rodata*)
 *fill*         0x0000000008005b47        0x1 
 .rodata.AHBPrescTable
                0x0000000008005b48       0x10 Core/Src/system_stm32l4xx.o
                0x0000000008005b48                AHBPrescTable
 .rodata.APBPrescTable
                0x0000000008005b58        0x8 Core/Src/system_stm32l4xx.o
                0x0000000008005b58                APBPrescTable
 .rodata.MSIRangeTable
                0x0000000008005b60       0x30 Core/Src/system_stm32l4xx.o
                0x0000000008005b60                MSIRangeTable
                0x0000000008005b90                . = ALIGN (0x4)

.ARM.extab      0x0000000008005b90        0x0
                0x0000000008005b90                . = ALIGN (0x4)
 *(.ARM.extab* .gnu.linkonce.armextab.*)
                0x0000000008005b90                . = ALIGN (0x4)

.ARM            0x0000000008005b90        0x8
                0x0000000008005b90                . = ALIGN (0x4)
                0x0000000008005b90                __exidx_start = .
 *(.ARM.exidx*)
 .ARM.exidx     0x0000000008005b90        0x8 c:/st/stm32cubeide_1.3.0/stm32cubeide/plugins/com.st.stm32cube.ide.mcu.externaltools.gnu-tools-for-stm32.7-2018-q2-update.win32_1.0.0.201904181610/tools/bin/../lib/gcc/arm-none-eabi/7.3.1/thumb/v7e-m/fpv4-sp/hard\libgcc.a(_udivmoddi4.o)
                0x0000000008005b98                __exidx_end = .
                0x0000000008005b98                . = ALIGN (0x4)

.rel.dyn        0x0000000008005b98        0x0
 .rel.iplt      0x0000000008005b98        0x0 c:/st/stm32cubeide_1.3.0/stm32cubeide/plugins/com.st.stm32cube.ide.mcu.externaltools.gnu-tools-for-stm32.7-2018-q2-update.win32_1.0.0.201904181610/tools/bin/../lib/gcc/arm-none-eabi/7.3.1/thumb/v7e-m/fpv4-sp/hard/crtbegin.o

.preinit_array  0x0000000008005b98        0x0
                0x0000000008005b98                . = ALIGN (0x4)
                0x0000000008005b98                PROVIDE (__preinit_array_start = .)
 *(.preinit_array*)
                0x0000000008005b98                PROVIDE (__preinit_array_end = .)
                0x0000000008005b98                . = ALIGN (0x4)

.init_array     0x0000000008005b98        0x4
                0x0000000008005b98                . = ALIGN (0x4)
                0x0000000008005b98                PROVIDE (__init_array_start = .)
 *(SORT_BY_NAME(.init_array.*))
 *(.init_array*)
 .init_array    0x0000000008005b98        0x4 c:/st/stm32cubeide_1.3.0/stm32cubeide/plugins/com.st.stm32cube.ide.mcu.externaltools.gnu-tools-for-stm32.7-2018-q2-update.win32_1.0.0.201904181610/tools/bin/../lib/gcc/arm-none-eabi/7.3.1/thumb/v7e-m/fpv4-sp/hard/crtbegin.o
                0x0000000008005b9c                PROVIDE (__init_array_end = .)
                0x0000000008005b9c                . = ALIGN (0x4)

.fini_array     0x0000000008005b9c        0x4
                0x0000000008005b9c                . = ALIGN (0x4)
                [!provide]                        PROVIDE (__fini_array_start = .)
 *(SORT_BY_NAME(.fini_array.*))
 *(.fini_array*)
 .fini_array    0x0000000008005b9c        0x4 c:/st/stm32cubeide_1.3.0/stm32cubeide/plugins/com.st.stm32cube.ide.mcu.externaltools.gnu-tools-for-stm32.7-2018-q2-update.win32_1.0.0.201904181610/tools/bin/../lib/gcc/arm-none-eabi/7.3.1/thumb/v7e-m/fpv4-sp/hard/crtbegin.o
                [!provide]                        PROVIDE (__fini_array_end = .)
                0x0000000008005ba0                . = ALIGN (0x4)
                0x0000000008005ba0                _sidata = LOADADDR (.data)

.data           0x0000000020000000        0xc load address 0x0000000008005ba0
                0x0000000020000000                . = ALIGN (0x4)
                0x0000000020000000                _sdata = .
 *(.data)
 *(.data*)
 .data.SystemCoreClock
                0x0000000020000000        0x4 Core/Src/system_stm32l4xx.o
                0x0000000020000000                SystemCoreClock
 .data.uwTickPrio
                0x0000000020000004        0x4 Drivers/STM32L4xx_HAL_Driver/Src/stm32l4xx_hal.o
                0x0000000020000004                uwTickPrio
 .data.uwTickFreq
                0x0000000020000008        0x4 Drivers/STM32L4xx_HAL_Driver/Src/stm32l4xx_hal.o
                0x0000000020000008                uwTickFreq
                0x000000002000000c                . = ALIGN (0x4)
                0x000000002000000c                _edata = .

.igot.plt       0x000000002000000c        0x0 load address 0x0000000008005bac
 .igot.plt      0x000000002000000c        0x0 c:/st/stm32cubeide_1.3.0/stm32cubeide/plugins/com.st.stm32cube.ide.mcu.externaltools.gnu-tools-for-stm32.7-2018-q2-update.win32_1.0.0.201904181610/tools/bin/../lib/gcc/arm-none-eabi/7.3.1/thumb/v7e-m/fpv4-sp/hard/crtbegin.o
                0x000000002000000c                . = ALIGN (0x4)

.bss            0x000000002000000c      0x688 load address 0x0000000008005bac
                0x000000002000000c                _sbss = .
                0x000000002000000c                __bss_start__ = _sbss
 *(.bss)
 .bss           0x000000002000000c       0x1c c:/st/stm32cubeide_1.3.0/stm32cubeide/plugins/com.st.stm32cube.ide.mcu.externaltools.gnu-tools-for-stm32.7-2018-q2-update.win32_1.0.0.201904181610/tools/bin/../lib/gcc/arm-none-eabi/7.3.1/thumb/v7e-m/fpv4-sp/hard/crtbegin.o
 *(.bss*)
 .bss.lcd_chars
                0x0000000020000028        0x1 Core/Inc/hd44780.o
                0x0000000020000028                lcd_chars
 .bss.lcd_lines
                0x0000000020000029        0x1 Core/Inc/hd44780.o
                0x0000000020000029                lcd_lines
 *fill*         0x000000002000002a        0x2 
 .bss.lcd_line_addresses
                0x000000002000002c        0x4 Core/Inc/hd44780.o
                0x000000002000002c                lcd_line_addresses
 .bss._lcd_char
                0x0000000020000030        0x1 Core/Inc/hd44780.o
                0x0000000020000030                _lcd_char
 .bss._lcd_line
                0x0000000020000031        0x1 Core/Inc/hd44780.o
                0x0000000020000031                _lcd_line
 *fill*         0x0000000020000032        0x2 
 .bss.DFSDM1_Init
                0x0000000020000034        0x4 Core/Src/stm32l4xx_hal_msp.o
 .bss.v_dfsdm1ChannelCounter
                0x0000000020000038        0x4 Drivers/STM32L4xx_HAL_Driver/Src/stm32l4xx_hal_dfsdm.o
 .bss.a_dfsdm1ChannelHandle
                0x000000002000003c       0x20 Drivers/STM32L4xx_HAL_Driver/Src/stm32l4xx_hal_dfsdm.o
 *(COMMON)
 COMMON         0x000000002000005c      0x634 Core/Src/main.o
                0x000000002000005c                hdfsdm1_channel1
                0x0000000020000094                huart3
                0x0000000020000114                hpcd_USB_OTG_FS
                0x000000002000051c                hi2c2
                0x0000000020000568                hspi3
                0x00000000200005cc                huart1
                0x000000002000064c                hqspi
 COMMON         0x0000000020000690        0x4 Drivers/STM32L4xx_HAL_Driver/Src/stm32l4xx_hal.o
                0x0000000020000690                uwTick
                0x0000000020000694                . = ALIGN (0x4)
                0x0000000020000694                _ebss = .
                0x0000000020000694                __bss_end__ = _ebss

._user_heap_stack
                0x0000000020000694      0x604 load address 0x0000000008005bac
                0x0000000020000698                . = ALIGN (0x8)
 *fill*         0x0000000020000694        0x4 
                0x0000000020000698                PROVIDE (end = .)
                [!provide]                        PROVIDE (_end = .)
                0x0000000020000898                . = (. + _Min_Heap_Size)
 *fill*         0x0000000020000698      0x200 
                0x0000000020000c98                . = (. + _Min_Stack_Size)
 *fill*         0x0000000020000898      0x400 
                0x0000000020000c98                . = ALIGN (0x8)

/DISCARD/
 libc.a(*)
 libm.a(*)
 libgcc.a(*)

.ARM.attributes
                0x0000000000000000       0x30
 *(.ARM.attributes)
 .ARM.attributes
                0x0000000000000000       0x22 c:/st/stm32cubeide_1.3.0/stm32cubeide/plugins/com.st.stm32cube.ide.mcu.externaltools.gnu-tools-for-stm32.7-2018-q2-update.win32_1.0.0.201904181610/tools/bin/../lib/gcc/arm-none-eabi/7.3.1/thumb/v7e-m/fpv4-sp/hard/crti.o
 .ARM.attributes
                0x0000000000000022       0x34 c:/st/stm32cubeide_1.3.0/stm32cubeide/plugins/com.st.stm32cube.ide.mcu.externaltools.gnu-tools-for-stm32.7-2018-q2-update.win32_1.0.0.201904181610/tools/bin/../lib/gcc/arm-none-eabi/7.3.1/thumb/v7e-m/fpv4-sp/hard/crtbegin.o
 .ARM.attributes
                0x0000000000000056       0x39 Core/Inc/hd44780.o
 .ARM.attributes
                0x000000000000008f       0x39 Core/Src/main.o
 .ARM.attributes
                0x00000000000000c8       0x39 Core/Src/stm32l4xx_hal_msp.o
 .ARM.attributes
                0x0000000000000101       0x39 Core/Src/stm32l4xx_it.o
 .ARM.attributes
                0x000000000000013a       0x39 Core/Src/system_stm32l4xx.o
 .ARM.attributes
                0x0000000000000173       0x21 Core/Startup/startup_stm32l475vgtx.o
 .ARM.attributes
                0x0000000000000194       0x39 Drivers/STM32L4xx_HAL_Driver/Src/stm32l4xx_hal.o
 .ARM.attributes
                0x00000000000001cd       0x39 Drivers/STM32L4xx_HAL_Driver/Src/stm32l4xx_hal_cortex.o
 .ARM.attributes
                0x0000000000000206       0x39 Drivers/STM32L4xx_HAL_Driver/Src/stm32l4xx_hal_dfsdm.o
 .ARM.attributes
                0x000000000000023f       0x39 Drivers/STM32L4xx_HAL_Driver/Src/stm32l4xx_hal_gpio.o
 .ARM.attributes
                0x0000000000000278       0x39 Drivers/STM32L4xx_HAL_Driver/Src/stm32l4xx_hal_i2c.o
 .ARM.attributes
                0x00000000000002b1       0x39 Drivers/STM32L4xx_HAL_Driver/Src/stm32l4xx_hal_i2c_ex.o
 .ARM.attributes
                0x00000000000002ea       0x39 Drivers/STM32L4xx_HAL_Driver/Src/stm32l4xx_hal_pcd.o
 .ARM.attributes
                0x0000000000000323       0x39 Drivers/STM32L4xx_HAL_Driver/Src/stm32l4xx_hal_pcd_ex.o
 .ARM.attributes
                0x000000000000035c       0x39 Drivers/STM32L4xx_HAL_Driver/Src/stm32l4xx_hal_pwr.o
 .ARM.attributes
                0x0000000000000395       0x39 Drivers/STM32L4xx_HAL_Driver/Src/stm32l4xx_hal_pwr_ex.o
 .ARM.attributes
                0x00000000000003ce       0x39 Drivers/STM32L4xx_HAL_Driver/Src/stm32l4xx_hal_qspi.o
 .ARM.attributes
                0x0000000000000407       0x39 Drivers/STM32L4xx_HAL_Driver/Src/stm32l4xx_hal_rcc.o
 .ARM.attributes
                0x0000000000000440       0x39 Drivers/STM32L4xx_HAL_Driver/Src/stm32l4xx_hal_rcc_ex.o
 .ARM.attributes
                0x0000000000000479       0x39 Drivers/STM32L4xx_HAL_Driver/Src/stm32l4xx_hal_spi.o
 .ARM.attributes
                0x00000000000004b2       0x39 Drivers/STM32L4xx_HAL_Driver/Src/stm32l4xx_hal_uart.o
 .ARM.attributes
                0x00000000000004eb       0x39 Drivers/STM32L4xx_HAL_Driver/Src/stm32l4xx_ll_exti.o
 .ARM.attributes
                0x0000000000000524       0x39 Drivers/STM32L4xx_HAL_Driver/Src/stm32l4xx_ll_gpio.o
 .ARM.attributes
                0x000000000000055d       0x39 Drivers/STM32L4xx_HAL_Driver/Src/stm32l4xx_ll_usb.o
 .ARM.attributes
                0x0000000000000596       0x39 Drivers/STM32L4xx_HAL_Driver/Src/stm32l4xx_ll_utils.o
 .ARM.attributes
                0x00000000000005cf       0x34 c:/st/stm32cubeide_1.3.0/stm32cubeide/plugins/com.st.stm32cube.ide.mcu.externaltools.gnu-tools-for-stm32.7-2018-q2-update.win32_1.0.0.201904181610/tools/bin/../lib/gcc/arm-none-eabi/7.3.1/../../../../arm-none-eabi/lib/thumb/v7e-m/fpv4-sp/hard\libc_nano.a(lib_a-init.o)
 .ARM.attributes
                0x0000000000000603       0x34 c:/st/stm32cubeide_1.3.0/stm32cubeide/plugins/com.st.stm32cube.ide.mcu.externaltools.gnu-tools-for-stm32.7-2018-q2-update.win32_1.0.0.201904181610/tools/bin/../lib/gcc/arm-none-eabi/7.3.1/../../../../arm-none-eabi/lib/thumb/v7e-m/fpv4-sp/hard\libc_nano.a(lib_a-memset.o)
 .ARM.attributes
                0x0000000000000637       0x22 c:/st/stm32cubeide_1.3.0/stm32cubeide/plugins/com.st.stm32cube.ide.mcu.externaltools.gnu-tools-for-stm32.7-2018-q2-update.win32_1.0.0.201904181610/tools/bin/../lib/gcc/arm-none-eabi/7.3.1/thumb/v7e-m/fpv4-sp/hard\libgcc.a(_aeabi_uldivmod.o)
 .ARM.attributes
                0x0000000000000659       0x34 c:/st/stm32cubeide_1.3.0/stm32cubeide/plugins/com.st.stm32cube.ide.mcu.externaltools.gnu-tools-for-stm32.7-2018-q2-update.win32_1.0.0.201904181610/tools/bin/../lib/gcc/arm-none-eabi/7.3.1/thumb/v7e-m/fpv4-sp/hard\libgcc.a(_udivmoddi4.o)
 .ARM.attributes
                0x000000000000068d       0x22 c:/st/stm32cubeide_1.3.0/stm32cubeide/plugins/com.st.stm32cube.ide.mcu.externaltools.gnu-tools-for-stm32.7-2018-q2-update.win32_1.0.0.201904181610/tools/bin/../lib/gcc/arm-none-eabi/7.3.1/thumb/v7e-m/fpv4-sp/hard\libgcc.a(_dvmd_tls.o)
 .ARM.attributes
                0x00000000000006af       0x22 c:/st/stm32cubeide_1.3.0/stm32cubeide/plugins/com.st.stm32cube.ide.mcu.externaltools.gnu-tools-for-stm32.7-2018-q2-update.win32_1.0.0.201904181610/tools/bin/../lib/gcc/arm-none-eabi/7.3.1/thumb/v7e-m/fpv4-sp/hard/crtn.o
OUTPUT(p2.elf elf32-littlearm)

.debug_info     0x0000000000000000    0x189e1
 .debug_info    0x0000000000000000      0x61b Core/Inc/hd44780.o
 .debug_info    0x000000000000061b     0x270d Core/Src/main.o
 .debug_info    0x0000000000002d28     0x1ce8 Core/Src/stm32l4xx_hal_msp.o
 .debug_info    0x0000000000004a10      0x492 Core/Src/stm32l4xx_it.o
 .debug_info    0x0000000000004ea2      0x6f6 Core/Src/system_stm32l4xx.o
 .debug_info    0x0000000000005598       0x22 Core/Startup/startup_stm32l475vgtx.o
 .debug_info    0x00000000000055ba      0xbda Drivers/STM32L4xx_HAL_Driver/Src/stm32l4xx_hal.o
 .debug_info    0x0000000000006194      0xf36 Drivers/STM32L4xx_HAL_Driver/Src/stm32l4xx_hal_cortex.o
 .debug_info    0x00000000000070ca     0x1b74 Drivers/STM32L4xx_HAL_Driver/Src/stm32l4xx_hal_dfsdm.o
 .debug_info    0x0000000000008c3e      0x982 Drivers/STM32L4xx_HAL_Driver/Src/stm32l4xx_hal_gpio.o
 .debug_info    0x00000000000095c0     0x20dc Drivers/STM32L4xx_HAL_Driver/Src/stm32l4xx_hal_i2c.o
 .debug_info    0x000000000000b69c      0xb41 Drivers/STM32L4xx_HAL_Driver/Src/stm32l4xx_hal_i2c_ex.o
 .debug_info    0x000000000000c1dd     0x1281 Drivers/STM32L4xx_HAL_Driver/Src/stm32l4xx_hal_pcd.o
 .debug_info    0x000000000000d45e      0x9d5 Drivers/STM32L4xx_HAL_Driver/Src/stm32l4xx_hal_pcd_ex.o
 .debug_info    0x000000000000de33      0xa60 Drivers/STM32L4xx_HAL_Driver/Src/stm32l4xx_hal_pwr.o
 .debug_info    0x000000000000e893      0xb04 Drivers/STM32L4xx_HAL_Driver/Src/stm32l4xx_hal_pwr_ex.o
 .debug_info    0x000000000000f397     0x129a Drivers/STM32L4xx_HAL_Driver/Src/stm32l4xx_hal_qspi.o
 .debug_info    0x0000000000010631      0xcfe Drivers/STM32L4xx_HAL_Driver/Src/stm32l4xx_hal_rcc.o
 .debug_info    0x000000000001132f      0xf10 Drivers/STM32L4xx_HAL_Driver/Src/stm32l4xx_hal_rcc_ex.o
 .debug_info    0x000000000001223f     0x1702 Drivers/STM32L4xx_HAL_Driver/Src/stm32l4xx_hal_spi.o
 .debug_info    0x0000000000013941     0x180e Drivers/STM32L4xx_HAL_Driver/Src/stm32l4xx_hal_uart.o
 .debug_info    0x000000000001514f      0x6ad Drivers/STM32L4xx_HAL_Driver/Src/stm32l4xx_ll_exti.o
 .debug_info    0x00000000000157fc      0xa6d Drivers/STM32L4xx_HAL_Driver/Src/stm32l4xx_ll_gpio.o
 .debug_info    0x0000000000016269     0x1a15 Drivers/STM32L4xx_HAL_Driver/Src/stm32l4xx_ll_usb.o
 .debug_info    0x0000000000017c7e      0xd63 Drivers/STM32L4xx_HAL_Driver/Src/stm32l4xx_ll_utils.o

.debug_abbrev   0x0000000000000000     0x316d
 .debug_abbrev  0x0000000000000000      0x1cc Core/Inc/hd44780.o
 .debug_abbrev  0x00000000000001cc      0x319 Core/Src/main.o
 .debug_abbrev  0x00000000000004e5      0x207 Core/Src/stm32l4xx_hal_msp.o
 .debug_abbrev  0x00000000000006ec      0x171 Core/Src/stm32l4xx_it.o
 .debug_abbrev  0x000000000000085d      0x150 Core/Src/system_stm32l4xx.o
 .debug_abbrev  0x00000000000009ad       0x12 Core/Startup/startup_stm32l475vgtx.o
 .debug_abbrev  0x00000000000009bf      0x1fb Drivers/STM32L4xx_HAL_Driver/Src/stm32l4xx_hal.o
 .debug_abbrev  0x0000000000000bba      0x2fa Drivers/STM32L4xx_HAL_Driver/Src/stm32l4xx_hal_cortex.o
 .debug_abbrev  0x0000000000000eb4      0x239 Drivers/STM32L4xx_HAL_Driver/Src/stm32l4xx_hal_dfsdm.o
 .debug_abbrev  0x00000000000010ed      0x1c0 Drivers/STM32L4xx_HAL_Driver/Src/stm32l4xx_hal_gpio.o
 .debug_abbrev  0x00000000000012ad      0x22a Drivers/STM32L4xx_HAL_Driver/Src/stm32l4xx_hal_i2c.o
 .debug_abbrev  0x00000000000014d7      0x1b9 Drivers/STM32L4xx_HAL_Driver/Src/stm32l4xx_hal_i2c_ex.o
 .debug_abbrev  0x0000000000001690      0x266 Drivers/STM32L4xx_HAL_Driver/Src/stm32l4xx_hal_pcd.o
 .debug_abbrev  0x00000000000018f6      0x214 Drivers/STM32L4xx_HAL_Driver/Src/stm32l4xx_hal_pcd_ex.o
 .debug_abbrev  0x0000000000001b0a      0x18b Drivers/STM32L4xx_HAL_Driver/Src/stm32l4xx_hal_pwr.o
 .debug_abbrev  0x0000000000001c95      0x1cb Drivers/STM32L4xx_HAL_Driver/Src/stm32l4xx_hal_pwr_ex.o
 .debug_abbrev  0x0000000000001e60      0x21f Drivers/STM32L4xx_HAL_Driver/Src/stm32l4xx_hal_qspi.o
 .debug_abbrev  0x000000000000207f      0x245 Drivers/STM32L4xx_HAL_Driver/Src/stm32l4xx_hal_rcc.o
 .debug_abbrev  0x00000000000022c4      0x238 Drivers/STM32L4xx_HAL_Driver/Src/stm32l4xx_hal_rcc_ex.o
 .debug_abbrev  0x00000000000024fc      0x228 Drivers/STM32L4xx_HAL_Driver/Src/stm32l4xx_hal_spi.o
 .debug_abbrev  0x0000000000002724      0x205 Drivers/STM32L4xx_HAL_Driver/Src/stm32l4xx_hal_uart.o
 .debug_abbrev  0x0000000000002929      0x19e Drivers/STM32L4xx_HAL_Driver/Src/stm32l4xx_ll_exti.o
 .debug_abbrev  0x0000000000002ac7      0x201 Drivers/STM32L4xx_HAL_Driver/Src/stm32l4xx_ll_gpio.o
 .debug_abbrev  0x0000000000002cc8      0x26d Drivers/STM32L4xx_HAL_Driver/Src/stm32l4xx_ll_usb.o
 .debug_abbrev  0x0000000000002f35      0x238 Drivers/STM32L4xx_HAL_Driver/Src/stm32l4xx_ll_utils.o

.debug_aranges  0x0000000000000000     0x1848
 .debug_aranges
                0x0000000000000000       0x78 Core/Inc/hd44780.o
 .debug_aranges
                0x0000000000000078       0xc8 Core/Src/main.o
 .debug_aranges
                0x0000000000000140       0x80 Core/Src/stm32l4xx_hal_msp.o
 .debug_aranges
                0x00000000000001c0       0x80 Core/Src/stm32l4xx_it.o
 .debug_aranges
                0x0000000000000240       0x28 Core/Src/system_stm32l4xx.o
 .debug_aranges
                0x0000000000000268       0x28 Core/Startup/startup_stm32l475vgtx.o
 .debug_aranges
                0x0000000000000290      0x130 Drivers/STM32L4xx_HAL_Driver/Src/stm32l4xx_hal.o
 .debug_aranges
                0x00000000000003c0      0x118 Drivers/STM32L4xx_HAL_Driver/Src/stm32l4xx_hal_cortex.o
 .debug_aranges
                0x00000000000004d8      0x248 Drivers/STM32L4xx_HAL_Driver/Src/stm32l4xx_hal_dfsdm.o
 .debug_aranges
                0x0000000000000720       0x58 Drivers/STM32L4xx_HAL_Driver/Src/stm32l4xx_hal_gpio.o
 .debug_aranges
                0x0000000000000778      0x290 Drivers/STM32L4xx_HAL_Driver/Src/stm32l4xx_hal_i2c.o
 .debug_aranges
                0x0000000000000a08       0x48 Drivers/STM32L4xx_HAL_Driver/Src/stm32l4xx_hal_i2c_ex.o
 .debug_aranges
                0x0000000000000a50      0x130 Drivers/STM32L4xx_HAL_Driver/Src/stm32l4xx_hal_pcd.o
 .debug_aranges
                0x0000000000000b80       0x60 Drivers/STM32L4xx_HAL_Driver/Src/stm32l4xx_hal_pcd_ex.o
 .debug_aranges
                0x0000000000000be0       0x98 Drivers/STM32L4xx_HAL_Driver/Src/stm32l4xx_hal_pwr.o
 .debug_aranges
                0x0000000000000c78      0x150 Drivers/STM32L4xx_HAL_Driver/Src/stm32l4xx_hal_pwr_ex.o
 .debug_aranges
                0x0000000000000dc8      0x160 Drivers/STM32L4xx_HAL_Driver/Src/stm32l4xx_hal_qspi.o
 .debug_aranges
                0x0000000000000f28       0x88 Drivers/STM32L4xx_HAL_Driver/Src/stm32l4xx_hal_rcc.o
 .debug_aranges
                0x0000000000000fb0       0xc0 Drivers/STM32L4xx_HAL_Driver/Src/stm32l4xx_hal_rcc_ex.o
 .debug_aranges
                0x0000000000001070      0x1d8 Drivers/STM32L4xx_HAL_Driver/Src/stm32l4xx_hal_spi.o
 .debug_aranges
                0x0000000000001248      0x210 Drivers/STM32L4xx_HAL_Driver/Src/stm32l4xx_hal_uart.o
 .debug_aranges
                0x0000000000001458       0xb0 Drivers/STM32L4xx_HAL_Driver/Src/stm32l4xx_ll_exti.o
 .debug_aranges
                0x0000000000001508       0x70 Drivers/STM32L4xx_HAL_Driver/Src/stm32l4xx_ll_gpio.o
 .debug_aranges
                0x0000000000001578      0x198 Drivers/STM32L4xx_HAL_Driver/Src/stm32l4xx_ll_usb.o
 .debug_aranges
                0x0000000000001710      0x138 Drivers/STM32L4xx_HAL_Driver/Src/stm32l4xx_ll_utils.o

.debug_ranges   0x0000000000000000     0x16c0
 .debug_ranges  0x0000000000000000       0x68 Core/Inc/hd44780.o
 .debug_ranges  0x0000000000000068       0xb8 Core/Src/main.o
 .debug_ranges  0x0000000000000120       0x70 Core/Src/stm32l4xx_hal_msp.o
 .debug_ranges  0x0000000000000190       0x70 Core/Src/stm32l4xx_it.o
 .debug_ranges  0x0000000000000200       0x18 Core/Src/system_stm32l4xx.o
 .debug_ranges  0x0000000000000218       0x20 Core/Startup/startup_stm32l475vgtx.o
 .debug_ranges  0x0000000000000238      0x120 Drivers/STM32L4xx_HAL_Driver/Src/stm32l4xx_hal.o
 .debug_ranges  0x0000000000000358      0x108 Drivers/STM32L4xx_HAL_Driver/Src/stm32l4xx_hal_cortex.o
 .debug_ranges  0x0000000000000460      0x238 Drivers/STM32L4xx_HAL_Driver/Src/stm32l4xx_hal_dfsdm.o
 .debug_ranges  0x0000000000000698       0x48 Drivers/STM32L4xx_HAL_Driver/Src/stm32l4xx_hal_gpio.o
 .debug_ranges  0x00000000000006e0      0x280 Drivers/STM32L4xx_HAL_Driver/Src/stm32l4xx_hal_i2c.o
 .debug_ranges  0x0000000000000960       0x38 Drivers/STM32L4xx_HAL_Driver/Src/stm32l4xx_hal_i2c_ex.o
 .debug_ranges  0x0000000000000998      0x120 Drivers/STM32L4xx_HAL_Driver/Src/stm32l4xx_hal_pcd.o
 .debug_ranges  0x0000000000000ab8       0x50 Drivers/STM32L4xx_HAL_Driver/Src/stm32l4xx_hal_pcd_ex.o
 .debug_ranges  0x0000000000000b08       0x88 Drivers/STM32L4xx_HAL_Driver/Src/stm32l4xx_hal_pwr.o
 .debug_ranges  0x0000000000000b90      0x140 Drivers/STM32L4xx_HAL_Driver/Src/stm32l4xx_hal_pwr_ex.o
 .debug_ranges  0x0000000000000cd0      0x150 Drivers/STM32L4xx_HAL_Driver/Src/stm32l4xx_hal_qspi.o
 .debug_ranges  0x0000000000000e20       0x78 Drivers/STM32L4xx_HAL_Driver/Src/stm32l4xx_hal_rcc.o
 .debug_ranges  0x0000000000000e98       0xb0 Drivers/STM32L4xx_HAL_Driver/Src/stm32l4xx_hal_rcc_ex.o
 .debug_ranges  0x0000000000000f48      0x1c8 Drivers/STM32L4xx_HAL_Driver/Src/stm32l4xx_hal_spi.o
 .debug_ranges  0x0000000000001110      0x200 Drivers/STM32L4xx_HAL_Driver/Src/stm32l4xx_hal_uart.o
 .debug_ranges  0x0000000000001310       0xa0 Drivers/STM32L4xx_HAL_Driver/Src/stm32l4xx_ll_exti.o
 .debug_ranges  0x00000000000013b0       0x60 Drivers/STM32L4xx_HAL_Driver/Src/stm32l4xx_ll_gpio.o
 .debug_ranges  0x0000000000001410      0x188 Drivers/STM32L4xx_HAL_Driver/Src/stm32l4xx_ll_usb.o
 .debug_ranges  0x0000000000001598      0x128 Drivers/STM32L4xx_HAL_Driver/Src/stm32l4xx_ll_utils.o

.debug_macro    0x0000000000000000    0x29595
 .debug_macro   0x0000000000000000      0x2ce Core/Inc/hd44780.o
 .debug_macro   0x00000000000002ce      0xa60 Core/Inc/hd44780.o
 .debug_macro   0x0000000000000d2e       0x22 Core/Inc/hd44780.o
 .debug_macro   0x0000000000000d50       0x8e Core/Inc/hd44780.o
 .debug_macro   0x0000000000000dde       0x51 Core/Inc/hd44780.o
 .debug_macro   0x0000000000000e2f       0xef Core/Inc/hd44780.o
 .debug_macro   0x0000000000000f1e       0x6a Core/Inc/hd44780.o
 .debug_macro   0x0000000000000f88      0x1df Core/Inc/hd44780.o
 .debug_macro   0x0000000000001167       0xd2 Core/Inc/hd44780.o
 .debug_macro   0x0000000000001239       0x2e Core/Inc/hd44780.o
 .debug_macro   0x0000000000001267       0x28 Core/Inc/hd44780.o
 .debug_macro   0x000000000000128f       0x1c Core/Inc/hd44780.o
 .debug_macro   0x00000000000012ab       0x22 Core/Inc/hd44780.o
 .debug_macro   0x00000000000012cd       0xdf Core/Inc/hd44780.o
 .debug_macro   0x00000000000013ac     0x102d Core/Inc/hd44780.o
 .debug_macro   0x00000000000023d9      0x11f Core/Inc/hd44780.o
 .debug_macro   0x00000000000024f8    0x19db6 Core/Inc/hd44780.o
 .debug_macro   0x000000000001c2ae       0x43 Core/Inc/hd44780.o
 .debug_macro   0x000000000001c2f1     0x3890 Core/Inc/hd44780.o
 .debug_macro   0x000000000001fb81      0x174 Core/Inc/hd44780.o
 .debug_macro   0x000000000001fcf5       0x5c Core/Inc/hd44780.o
 .debug_macro   0x000000000001fd51     0x1519 Core/Inc/hd44780.o
 .debug_macro   0x000000000002126a      0x59e Core/Inc/hd44780.o
 .debug_macro   0x0000000000021808      0x241 Core/Inc/hd44780.o
 .debug_macro   0x0000000000021a49      0x13d Core/Inc/hd44780.o
 .debug_macro   0x0000000000021b86      0x17d Core/Inc/hd44780.o
 .debug_macro   0x0000000000021d03      0x26b Core/Inc/hd44780.o
 .debug_macro   0x0000000000021f6e      0x29c Core/Inc/hd44780.o
 .debug_macro   0x000000000002220a      0x23d Core/Inc/hd44780.o
 .debug_macro   0x0000000000022447      0x37c Core/Inc/hd44780.o
 .debug_macro   0x00000000000227c3       0xd6 Core/Inc/hd44780.o
 .debug_macro   0x0000000000022899      0x22c Core/Inc/hd44780.o
 .debug_macro   0x0000000000022ac5       0x5e Core/Inc/hd44780.o
 .debug_macro   0x0000000000022b23       0xa5 Core/Inc/hd44780.o
 .debug_macro   0x0000000000022bc8      0x122 Core/Inc/hd44780.o
 .debug_macro   0x0000000000022cea      0x3e9 Core/Inc/hd44780.o
 .debug_macro   0x00000000000230d3      0x2a3 Core/Inc/hd44780.o
 .debug_macro   0x0000000000023376      0x2fe Core/Inc/hd44780.o
 .debug_macro   0x0000000000023674      0x59e Core/Inc/hd44780.o
 .debug_macro   0x0000000000023c12       0x44 Core/Inc/hd44780.o
 .debug_macro   0x0000000000023c56      0x1ed Core/Inc/hd44780.o
 .debug_macro   0x0000000000023e43       0xac Core/Inc/hd44780.o
 .debug_macro   0x0000000000023eef      0x34a Core/Inc/hd44780.o
 .debug_macro   0x0000000000024239      0x2f5 Core/Inc/hd44780.o
 .debug_macro   0x000000000002452e      0x16a Core/Inc/hd44780.o
 .debug_macro   0x0000000000024698      0x15d Core/Inc/hd44780.o
 .debug_macro   0x00000000000247f5      0x1b8 Core/Inc/hd44780.o
 .debug_macro   0x00000000000249ad      0x1a7 Core/Inc/hd44780.o
 .debug_macro   0x0000000000024b54      0x708 Core/Inc/hd44780.o
 .debug_macro   0x000000000002525c       0xa7 Core/Inc/hd44780.o
 .debug_macro   0x0000000000025303      0x208 Core/Inc/hd44780.o
 .debug_macro   0x000000000002550b      0x2cb Core/Inc/hd44780.o
 .debug_macro   0x00000000000257d6      0x44e Core/Inc/hd44780.o
 .debug_macro   0x0000000000025c24      0x28c Core/Src/main.o
 .debug_macro   0x0000000000025eb0      0x282 Core/Src/stm32l4xx_hal_msp.o
 .debug_macro   0x0000000000026132      0x28c Core/Src/stm32l4xx_it.o
 .debug_macro   0x00000000000263be      0x228 Core/Src/system_stm32l4xx.o
 .debug_macro   0x00000000000265e6      0x270 Drivers/STM32L4xx_HAL_Driver/Src/stm32l4xx_hal.o
 .debug_macro   0x0000000000026856      0x222 Drivers/STM32L4xx_HAL_Driver/Src/stm32l4xx_hal_cortex.o
 .debug_macro   0x0000000000026a78      0x246 Drivers/STM32L4xx_HAL_Driver/Src/stm32l4xx_hal_dfsdm.o
 .debug_macro   0x0000000000026cbe      0x261 Drivers/STM32L4xx_HAL_Driver/Src/stm32l4xx_hal_gpio.o
 .debug_macro   0x0000000000026f1f      0x2e7 Drivers/STM32L4xx_HAL_Driver/Src/stm32l4xx_hal_i2c.o
 .debug_macro   0x0000000000027206      0x222 Drivers/STM32L4xx_HAL_Driver/Src/stm32l4xx_hal_i2c_ex.o
 .debug_macro   0x0000000000027428      0x22e Drivers/STM32L4xx_HAL_Driver/Src/stm32l4xx_hal_pcd.o
 .debug_macro   0x0000000000027656      0x222 Drivers/STM32L4xx_HAL_Driver/Src/stm32l4xx_hal_pcd_ex.o
 .debug_macro   0x0000000000027878      0x23a Drivers/STM32L4xx_HAL_Driver/Src/stm32l4xx_hal_pwr.o
 .debug_macro   0x0000000000027ab2      0x246 Drivers/STM32L4xx_HAL_Driver/Src/stm32l4xx_hal_pwr_ex.o
 .debug_macro   0x0000000000027cf8      0x246 Drivers/STM32L4xx_HAL_Driver/Src/stm32l4xx_hal_qspi.o
 .debug_macro   0x0000000000027f3e      0x264 Drivers/STM32L4xx_HAL_Driver/Src/stm32l4xx_hal_rcc.o
 .debug_macro   0x00000000000281a2      0x258 Drivers/STM32L4xx_HAL_Driver/Src/stm32l4xx_hal_rcc_ex.o
 .debug_macro   0x00000000000283fa      0x22a Drivers/STM32L4xx_HAL_Driver/Src/stm32l4xx_hal_spi.o
 .debug_macro   0x0000000000028624      0x24d Drivers/STM32L4xx_HAL_Driver/Src/stm32l4xx_hal_uart.o
 .debug_macro   0x0000000000028871      0x24f Drivers/STM32L4xx_HAL_Driver/Src/stm32l4xx_ll_exti.o
 .debug_macro   0x0000000000028ac0      0x157 Drivers/STM32L4xx_HAL_Driver/Src/stm32l4xx_ll_exti.o
 .debug_macro   0x0000000000028c17      0x264 Drivers/STM32L4xx_HAL_Driver/Src/stm32l4xx_ll_gpio.o
 .debug_macro   0x0000000000028e7b      0x164 Drivers/STM32L4xx_HAL_Driver/Src/stm32l4xx_ll_gpio.o
 .debug_macro   0x0000000000028fdf      0x222 Drivers/STM32L4xx_HAL_Driver/Src/stm32l4xx_ll_usb.o
 .debug_macro   0x0000000000029201      0x2f3 Drivers/STM32L4xx_HAL_Driver/Src/stm32l4xx_ll_utils.o
 .debug_macro   0x00000000000294f4       0xa1 Drivers/STM32L4xx_HAL_Driver/Src/stm32l4xx_ll_utils.o

.debug_line     0x0000000000000000    0x12669
 .debug_line    0x0000000000000000      0x9ab Core/Inc/hd44780.o
 .debug_line    0x00000000000009ab      0xc1c Core/Src/main.o
 .debug_line    0x00000000000015c7      0x9a2 Core/Src/stm32l4xx_hal_msp.o
 .debug_line    0x0000000000001f69      0x977 Core/Src/stm32l4xx_it.o
 .debug_line    0x00000000000028e0      0x7b0 Core/Src/system_stm32l4xx.o
 .debug_line    0x0000000000003090       0x85 Core/Startup/startup_stm32l475vgtx.o
 .debug_line    0x0000000000003115      0xa23 Drivers/STM32L4xx_HAL_Driver/Src/stm32l4xx_hal.o
 .debug_line    0x0000000000003b38      0xaac Drivers/STM32L4xx_HAL_Driver/Src/stm32l4xx_hal_cortex.o
 .debug_line    0x00000000000045e4     0x11f7 Drivers/STM32L4xx_HAL_Driver/Src/stm32l4xx_hal_dfsdm.o
 .debug_line    0x00000000000057db      0x943 Drivers/STM32L4xx_HAL_Driver/Src/stm32l4xx_hal_gpio.o
 .debug_line    0x000000000000611e     0x1b65 Drivers/STM32L4xx_HAL_Driver/Src/stm32l4xx_hal_i2c.o
 .debug_line    0x0000000000007c83      0x8c9 Drivers/STM32L4xx_HAL_Driver/Src/stm32l4xx_hal_i2c_ex.o
 .debug_line    0x000000000000854c      0xca0 Drivers/STM32L4xx_HAL_Driver/Src/stm32l4xx_hal_pcd.o
 .debug_line    0x00000000000091ec      0x870 Drivers/STM32L4xx_HAL_Driver/Src/stm32l4xx_hal_pcd_ex.o
 .debug_line    0x0000000000009a5c      0x8c0 Drivers/STM32L4xx_HAL_Driver/Src/stm32l4xx_hal_pwr.o
 .debug_line    0x000000000000a31c      0xb3a Drivers/STM32L4xx_HAL_Driver/Src/stm32l4xx_hal_pwr_ex.o
 .debug_line    0x000000000000ae56      0xe08 Drivers/STM32L4xx_HAL_Driver/Src/stm32l4xx_hal_qspi.o
 .debug_line    0x000000000000bc5e      0xa9d Drivers/STM32L4xx_HAL_Driver/Src/stm32l4xx_hal_rcc.o
 .debug_line    0x000000000000c6fb      0xd33 Drivers/STM32L4xx_HAL_Driver/Src/stm32l4xx_hal_rcc_ex.o
 .debug_line    0x000000000000d42e     0x11ff Drivers/STM32L4xx_HAL_Driver/Src/stm32l4xx_hal_spi.o
 .debug_line    0x000000000000e62d     0x1345 Drivers/STM32L4xx_HAL_Driver/Src/stm32l4xx_hal_uart.o
 .debug_line    0x000000000000f972      0x947 Drivers/STM32L4xx_HAL_Driver/Src/stm32l4xx_ll_exti.o
 .debug_line    0x00000000000102b9      0x967 Drivers/STM32L4xx_HAL_Driver/Src/stm32l4xx_ll_gpio.o
 .debug_line    0x0000000000010c20      0xe61 Drivers/STM32L4xx_HAL_Driver/Src/stm32l4xx_ll_usb.o
 .debug_line    0x0000000000011a81      0xbe8 Drivers/STM32L4xx_HAL_Driver/Src/stm32l4xx_ll_utils.o

.debug_str      0x0000000000000000    0xf9678
 .debug_str     0x0000000000000000    0xf0c0d Core/Inc/hd44780.o
                                      0xf1c14 (size before relaxing)
 .debug_str     0x00000000000f0c0d     0x19c7 Core/Src/main.o
                                      0xf36f7 (size before relaxing)
 .debug_str     0x00000000000f25d4      0x132 Core/Src/stm32l4xx_hal_msp.o
                                      0xf2b95 (size before relaxing)
 .debug_str     0x00000000000f2706      0x166 Core/Src/stm32l4xx_it.o
                                      0xf1ae9 (size before relaxing)
 .debug_str     0x00000000000f286c       0x79 Core/Src/system_stm32l4xx.o
                                      0xe6b6a (size before relaxing)
 .debug_str     0x00000000000f28e5       0x36 Core/Startup/startup_stm32l475vgtx.o
                                         0x5f (size before relaxing)
 .debug_str     0x00000000000f291b      0x56e Drivers/STM32L4xx_HAL_Driver/Src/stm32l4xx_hal.o
                                      0xe7638 (size before relaxing)
 .debug_str     0x00000000000f2e89      0x2f7 Drivers/STM32L4xx_HAL_Driver/Src/stm32l4xx_hal_cortex.o
                                      0xe73b4 (size before relaxing)
 .debug_str     0x00000000000f3180      0xc28 Drivers/STM32L4xx_HAL_Driver/Src/stm32l4xx_hal_dfsdm.o
                                      0xe7a33 (size before relaxing)
 .debug_str     0x00000000000f3da8      0x1fc Drivers/STM32L4xx_HAL_Driver/Src/stm32l4xx_hal_gpio.o
                                      0xe6de9 (size before relaxing)
 .debug_str     0x00000000000f3fa4      0xd33 Drivers/STM32L4xx_HAL_Driver/Src/stm32l4xx_hal_i2c.o
                                      0xe7c7b (size before relaxing)
 .debug_str     0x00000000000f4cd7       0xb8 Drivers/STM32L4xx_HAL_Driver/Src/stm32l4xx_hal_i2c_ex.o
                                      0xe7073 (size before relaxing)
 .debug_str     0x00000000000f4d8f      0x531 Drivers/STM32L4xx_HAL_Driver/Src/stm32l4xx_hal_pcd.o
                                      0xe72ce (size before relaxing)
 .debug_str     0x00000000000f52c0      0x1b4 Drivers/STM32L4xx_HAL_Driver/Src/stm32l4xx_hal_pcd_ex.o
                                      0xe6f46 (size before relaxing)
 .debug_str     0x00000000000f5474      0x2f1 Drivers/STM32L4xx_HAL_Driver/Src/stm32l4xx_hal_pwr.o
                                      0xe6e81 (size before relaxing)
 .debug_str     0x00000000000f5765      0x43e Drivers/STM32L4xx_HAL_Driver/Src/stm32l4xx_hal_pwr_ex.o
                                      0xe7085 (size before relaxing)
 .debug_str     0x00000000000f5ba3      0x6b3 Drivers/STM32L4xx_HAL_Driver/Src/stm32l4xx_hal_qspi.o
                                      0xe7449 (size before relaxing)
 .debug_str     0x00000000000f6256      0x3aa Drivers/STM32L4xx_HAL_Driver/Src/stm32l4xx_hal_rcc.o
                                      0xe712c (size before relaxing)
 .debug_str     0x00000000000f6600      0x38d Drivers/STM32L4xx_HAL_Driver/Src/stm32l4xx_hal_rcc_ex.o
                                      0xe72bd (size before relaxing)
 .debug_str     0x00000000000f698d      0x523 Drivers/STM32L4xx_HAL_Driver/Src/stm32l4xx_hal_spi.o
                                      0xe72fc (size before relaxing)
 .debug_str     0x00000000000f6eb0      0x836 Drivers/STM32L4xx_HAL_Driver/Src/stm32l4xx_hal_uart.o
                                      0xe7734 (size before relaxing)
 .debug_str     0x00000000000f76e6      0x438 Drivers/STM32L4xx_HAL_Driver/Src/stm32l4xx_ll_exti.o
                                      0xe753e (size before relaxing)
 .debug_str     0x00000000000f7b1e      0x63d Drivers/STM32L4xx_HAL_Driver/Src/stm32l4xx_ll_gpio.o
                                      0xe84fc (size before relaxing)
 .debug_str     0x00000000000f815b      0x676 Drivers/STM32L4xx_HAL_Driver/Src/stm32l4xx_ll_usb.o
                                      0xe7435 (size before relaxing)
 .debug_str     0x00000000000f87d1      0xea7 Drivers/STM32L4xx_HAL_Driver/Src/stm32l4xx_ll_utils.o
                                      0xed797 (size before relaxing)

.comment        0x0000000000000000       0x7b
 .comment       0x0000000000000000       0x7b Core/Inc/hd44780.o
                                         0x7c (size before relaxing)
 .comment       0x000000000000007b       0x7c Core/Src/main.o
 .comment       0x000000000000007b       0x7c Core/Src/stm32l4xx_hal_msp.o
 .comment       0x000000000000007b       0x7c Core/Src/stm32l4xx_it.o
 .comment       0x000000000000007b       0x7c Core/Src/system_stm32l4xx.o
 .comment       0x000000000000007b       0x7c Drivers/STM32L4xx_HAL_Driver/Src/stm32l4xx_hal.o
 .comment       0x000000000000007b       0x7c Drivers/STM32L4xx_HAL_Driver/Src/stm32l4xx_hal_cortex.o
 .comment       0x000000000000007b       0x7c Drivers/STM32L4xx_HAL_Driver/Src/stm32l4xx_hal_dfsdm.o
 .comment       0x000000000000007b       0x7c Drivers/STM32L4xx_HAL_Driver/Src/stm32l4xx_hal_gpio.o
 .comment       0x000000000000007b       0x7c Drivers/STM32L4xx_HAL_Driver/Src/stm32l4xx_hal_i2c.o
 .comment       0x000000000000007b       0x7c Drivers/STM32L4xx_HAL_Driver/Src/stm32l4xx_hal_i2c_ex.o
 .comment       0x000000000000007b       0x7c Drivers/STM32L4xx_HAL_Driver/Src/stm32l4xx_hal_pcd.o
 .comment       0x000000000000007b       0x7c Drivers/STM32L4xx_HAL_Driver/Src/stm32l4xx_hal_pcd_ex.o
 .comment       0x000000000000007b       0x7c Drivers/STM32L4xx_HAL_Driver/Src/stm32l4xx_hal_pwr.o
 .comment       0x000000000000007b       0x7c Drivers/STM32L4xx_HAL_Driver/Src/stm32l4xx_hal_pwr_ex.o
 .comment       0x000000000000007b       0x7c Drivers/STM32L4xx_HAL_Driver/Src/stm32l4xx_hal_qspi.o
 .comment       0x000000000000007b       0x7c Drivers/STM32L4xx_HAL_Driver/Src/stm32l4xx_hal_rcc.o
 .comment       0x000000000000007b       0x7c Drivers/STM32L4xx_HAL_Driver/Src/stm32l4xx_hal_rcc_ex.o
 .comment       0x000000000000007b       0x7c Drivers/STM32L4xx_HAL_Driver/Src/stm32l4xx_hal_spi.o
 .comment       0x000000000000007b       0x7c Drivers/STM32L4xx_HAL_Driver/Src/stm32l4xx_hal_uart.o
 .comment       0x000000000000007b       0x7c Drivers/STM32L4xx_HAL_Driver/Src/stm32l4xx_ll_exti.o
 .comment       0x000000000000007b       0x7c Drivers/STM32L4xx_HAL_Driver/Src/stm32l4xx_ll_gpio.o
 .comment       0x000000000000007b       0x7c Drivers/STM32L4xx_HAL_Driver/Src/stm32l4xx_ll_usb.o
 .comment       0x000000000000007b       0x7c Drivers/STM32L4xx_HAL_Driver/Src/stm32l4xx_ll_utils.o

.debug_frame    0x0000000000000000     0x67a8
 .debug_frame   0x0000000000000000      0x1b0 Core/Inc/hd44780.o
 .debug_frame   0x00000000000001b0      0x310 Core/Src/main.o
 .debug_frame   0x00000000000004c0      0x1e8 Core/Src/stm32l4xx_hal_msp.o
 .debug_frame   0x00000000000006a8      0x194 Core/Src/stm32l4xx_it.o
 .debug_frame   0x000000000000083c       0x58 Core/Src/system_stm32l4xx.o
 .debug_frame   0x0000000000000894      0x498 Drivers/STM32L4xx_HAL_Driver/Src/stm32l4xx_hal.o
 .debug_frame   0x0000000000000d2c      0x498 Drivers/STM32L4xx_HAL_Driver/Src/stm32l4xx_hal_cortex.o
 .debug_frame   0x00000000000011c4      0xa78 Drivers/STM32L4xx_HAL_Driver/Src/stm32l4xx_hal_dfsdm.o
 .debug_frame   0x0000000000001c3c      0x14c Drivers/STM32L4xx_HAL_Driver/Src/stm32l4xx_hal_gpio.o
 .debug_frame   0x0000000000001d88      0xbe8 Drivers/STM32L4xx_HAL_Driver/Src/stm32l4xx_hal_i2c.o
 .debug_frame   0x0000000000002970      0x100 Drivers/STM32L4xx_HAL_Driver/Src/stm32l4xx_hal_i2c_ex.o
 .debug_frame   0x0000000000002a70      0x544 Drivers/STM32L4xx_HAL_Driver/Src/stm32l4xx_hal_pcd.o
 .debug_frame   0x0000000000002fb4      0x174 Drivers/STM32L4xx_HAL_Driver/Src/stm32l4xx_hal_pcd_ex.o
 .debug_frame   0x0000000000003128      0x230 Drivers/STM32L4xx_HAL_Driver/Src/stm32l4xx_hal_pwr.o
 .debug_frame   0x0000000000003358      0x544 Drivers/STM32L4xx_HAL_Driver/Src/stm32l4xx_hal_pwr_ex.o
 .debug_frame   0x000000000000389c      0x658 Drivers/STM32L4xx_HAL_Driver/Src/stm32l4xx_hal_qspi.o
 .debug_frame   0x0000000000003ef4      0x1f4 Drivers/STM32L4xx_HAL_Driver/Src/stm32l4xx_hal_rcc.o
 .debug_frame   0x00000000000040e8      0x2fc Drivers/STM32L4xx_HAL_Driver/Src/stm32l4xx_hal_rcc_ex.o
 .debug_frame   0x00000000000043e4      0x860 Drivers/STM32L4xx_HAL_Driver/Src/stm32l4xx_hal_spi.o
 .debug_frame   0x0000000000004c44      0x974 Drivers/STM32L4xx_HAL_Driver/Src/stm32l4xx_hal_uart.o
 .debug_frame   0x00000000000055b8      0x2fc Drivers/STM32L4xx_HAL_Driver/Src/stm32l4xx_ll_exti.o
 .debug_frame   0x00000000000058b4      0x1c0 Drivers/STM32L4xx_HAL_Driver/Src/stm32l4xx_ll_gpio.o
 .debug_frame   0x0000000000005a74      0x78c Drivers/STM32L4xx_HAL_Driver/Src/stm32l4xx_ll_usb.o
 .debug_frame   0x0000000000006200      0x4fc Drivers/STM32L4xx_HAL_Driver/Src/stm32l4xx_ll_utils.o
 .debug_frame   0x00000000000066fc       0x2c c:/st/stm32cubeide_1.3.0/stm32cubeide/plugins/com.st.stm32cube.ide.mcu.externaltools.gnu-tools-for-stm32.7-2018-q2-update.win32_1.0.0.201904181610/tools/bin/../lib/gcc/arm-none-eabi/7.3.1/../../../../arm-none-eabi/lib/thumb/v7e-m/fpv4-sp/hard\libc_nano.a(lib_a-init.o)
 .debug_frame   0x0000000000006728       0x20 c:/st/stm32cubeide_1.3.0/stm32cubeide/plugins/com.st.stm32cube.ide.mcu.externaltools.gnu-tools-for-stm32.7-2018-q2-update.win32_1.0.0.201904181610/tools/bin/../lib/gcc/arm-none-eabi/7.3.1/../../../../arm-none-eabi/lib/thumb/v7e-m/fpv4-sp/hard\libc_nano.a(lib_a-memset.o)
 .debug_frame   0x0000000000006748       0x2c c:/st/stm32cubeide_1.3.0/stm32cubeide/plugins/com.st.stm32cube.ide.mcu.externaltools.gnu-tools-for-stm32.7-2018-q2-update.win32_1.0.0.201904181610/tools/bin/../lib/gcc/arm-none-eabi/7.3.1/thumb/v7e-m/fpv4-sp/hard\libgcc.a(_aeabi_uldivmod.o)
 .debug_frame   0x0000000000006774       0x34 c:/st/stm32cubeide_1.3.0/stm32cubeide/plugins/com.st.stm32cube.ide.mcu.externaltools.gnu-tools-for-stm32.7-2018-q2-update.win32_1.0.0.201904181610/tools/bin/../lib/gcc/arm-none-eabi/7.3.1/thumb/v7e-m/fpv4-sp/hard\libgcc.a(_udivmoddi4.o)
