stm32l4xx_ll_gpio.h:957:22:LL_GPIO_SetOutputPin	16	static
stm32l4xx_ll_gpio.h:986:22:LL_GPIO_ResetOutputPin	16	static
hd44780.c:32:6:lcd_clock	8	static
hd44780.c:41:6:lcd_reset	8	static
hd44780.c:76:6:lcd_write	16	static
hd44780.c:134:6:lcd_clear	8	static
hd44780.c:142:6:lcd_display_settings	16	static
hd44780.c:149:6:lcd_display_address	16	static
hd44780.c:154:6:lcd_cgram_address	16	static
hd44780.c:159:6:lcd_print	24	static
hd44780.c:185:6:writeIntegerToLCD	24	static
hd44780.c:202:6:moveToXY	24	static
