core_cm4.h:1676:26:__NVIC_GetPriorityGrouping	4	static
core_cm4.h:1688:22:__NVIC_EnableIRQ	16	static
core_cm4.h:1816:22:__NVIC_SetPriority	16	static
core_cm4.h:1863:26:NVIC_EncodePriority	40	static
stm32l4xx_ll_system.h:772:22:LL_SYSCFG_SetEXTISource	24	static,ignoring_inline_asm
stm32l4xx_ll_gpio.h:286:22:LL_GPIO_SetPinMode	40	static,ignoring_inline_asm
stm32l4xx_ll_gpio.h:497:22:LL_GPIO_SetPinPull	40	static,ignoring_inline_asm
stm32l4xx_ll_gpio.h:718:22:LL_GPIO_EnablePinAnalogControl	16	static
stm32l4xx_ll_gpio.h:957:22:LL_GPIO_SetOutputPin	16	static
stm32l4xx_ll_gpio.h:986:22:LL_GPIO_ResetOutputPin	16	static
stm32l4xx_ll_bus.h:565:22:LL_AHB2_GRP1_EnableClock	24	static
main.c:84:5:main	8	static
main.c:169:6:SystemClock_Config	232	static
main.c:245:13:MX_DFSDM1_Init	8	static
main.c:283:13:MX_I2C2_Init	8	static
main.c:329:13:MX_QUADSPI_Init	8	static
main.c:362:13:MX_SPI3_Init	8	static
main.c:402:13:MX_USART1_UART_Init	8	static
main.c:437:13:MX_USART3_UART_Init	8	static
main.c:472:13:MX_USB_OTG_FS_PCD_Init	8	static
main.c:507:13:MX_GPIO_Init	48	static
main.c:880:6:Error_Handler	4	static
