stm32l4xx_ll_exti.h:1187:26:LL_EXTI_IsActiveFlag_0_31	16	static
stm32l4xx_ll_exti.h:1299:22:LL_EXTI_ClearFlag_0_31	16	static
stm32l4xx_it.c:70:6:NMI_Handler	4	static
stm32l4xx_it.c:83:6:HardFault_Handler	4	static
stm32l4xx_it.c:98:6:MemManage_Handler	4	static
stm32l4xx_it.c:113:6:BusFault_Handler	4	static
stm32l4xx_it.c:128:6:UsageFault_Handler	4	static
stm32l4xx_it.c:143:6:SVC_Handler	4	static
stm32l4xx_it.c:156:6:DebugMon_Handler	4	static
stm32l4xx_it.c:169:6:PendSV_Handler	4	static
stm32l4xx_it.c:182:6:SysTick_Handler	8	static
stm32l4xx_it.c:203:6:EXTI9_5_IRQHandler	8	static
stm32l4xx_it.c:244:6:EXTI15_10_IRQHandler	8	static
